INFO: [VRFC 10-2263] Analyzing Verilog file "C:/Travail/s4InfoAtelier4/s4InfoAtelier4.ip_user_files/bd/atelier4/ip/atelier4_clk_wiz_0_0/atelier4_clk_wiz_0_0_clk_wiz.v" into library xil_defaultlib
INFO: [VRFC 10-311] analyzing module atelier4_clk_wiz_0_0_clk_wiz
INFO: [VRFC 10-2263] Analyzing Verilog file "C:/Travail/s4InfoAtelier4/s4InfoAtelier4.ip_user_files/bd/atelier4/ip/atelier4_clk_wiz_0_0/atelier4_clk_wiz_0_0.v" into library xil_defaultlib
INFO: [VRFC 10-311] analyzing module atelier4_clk_wiz_0_0
INFO: [VRFC 10-2263] Analyzing Verilog file "C:/Travail/s4InfoAtelier4/s4InfoAtelier4.ip_user_files/bd/atelier4/ip/atelier4_processing_system7_0_0/sim/atelier4_processing_system7_0_0.v" into library xil_defaultlib
INFO: [VRFC 10-311] analyzing module atelier4_processing_system7_0_0
INFO: [VRFC 10-2263] Analyzing Verilog file "C:/Travail/s4InfoAtelier4/s4InfoAtelier4.ip_user_files/bd/atelier4/ip/atelier4_smartconnect_0_0/bd_0/ip/ip_0/sim/bd_de31_one_0.v" into library xil_defaultlib
INFO: [VRFC 10-311] analyzing module bd_de31_one_0
INFO: [VRFC 10-2263] Analyzing SystemVerilog file "C:/Travail/s4InfoAtelier4/s4InfoAtelier4.ip_user_files/bd/atelier4/ip/atelier4_smartconnect_0_0/bd_0/ip/ip_4/sim/bd_de31_arinsw_0.sv" into library xil_defaultlib
INFO: [VRFC 10-311] analyzing module bd_de31_arinsw_0
INFO: [VRFC 10-2263] Analyzing SystemVerilog file "C:/Travail/s4InfoAtelier4/s4InfoAtelier4.ip_user_files/bd/atelier4/ip/atelier4_smartconnect_0_0/bd_0/ip/ip_5/sim/bd_de31_rinsw_0.sv" into library xil_defaultlib
INFO: [VRFC 10-311] analyzing module bd_de31_rinsw_0
INFO: [VRFC 10-2263] Analyzing SystemVerilog file "C:/Travail/s4InfoAtelier4/s4InfoAtelier4.ip_user_files/bd/atelier4/ip/atelier4_smartconnect_0_0/bd_0/ip/ip_6/sim/bd_de31_awinsw_0.sv" into library xil_defaultlib
INFO: [VRFC 10-311] analyzing module bd_de31_awinsw_0
INFO: [VRFC 10-2263] Analyzing SystemVerilog file "C:/Travail/s4InfoAtelier4/s4InfoAtelier4.ip_user_files/bd/atelier4/ip/atelier4_smartconnect_0_0/bd_0/ip/ip_7/sim/bd_de31_winsw_0.sv" into library xil_defaultlib
INFO: [VRFC 10-311] analyzing module bd_de31_winsw_0
INFO: [VRFC 10-2263] Analyzing SystemVerilog file "C:/Travail/s4InfoAtelier4/s4InfoAtelier4.ip_user_files/bd/atelier4/ip/atelier4_smartconnect_0_0/bd_0/ip/ip_8/sim/bd_de31_binsw_0.sv" into library xil_defaultlib
INFO: [VRFC 10-311] analyzing module bd_de31_binsw_0
INFO: [VRFC 10-2263] Analyzing SystemVerilog file "C:/Travail/s4InfoAtelier4/s4InfoAtelier4.ip_user_files/bd/atelier4/ip/atelier4_smartconnect_0_0/bd_0/ip/ip_9/sim/bd_de31_aroutsw_0.sv" into library xil_defaultlib
INFO: [VRFC 10-311] analyzing module bd_de31_aroutsw_0
INFO: [VRFC 10-2263] Analyzing SystemVerilog file "C:/Travail/s4InfoAtelier4/s4InfoAtelier4.ip_user_files/bd/atelier4/ip/atelier4_smartconnect_0_0/bd_0/ip/ip_10/sim/bd_de31_routsw_0.sv" into library xil_defaultlib
INFO: [VRFC 10-311] analyzing module bd_de31_routsw_0
INFO: [VRFC 10-2263] Analyzing SystemVerilog file "C:/Travail/s4InfoAtelier4/s4InfoAtelier4.ip_user_files/bd/atelier4/ip/atelier4_smartconnect_0_0/bd_0/ip/ip_11/sim/bd_de31_awoutsw_0.sv" into library xil_defaultlib
INFO: [VRFC 10-311] analyzing module bd_de31_awoutsw_0
INFO: [VRFC 10-2263] Analyzing SystemVerilog file "C:/Travail/s4InfoAtelier4/s4InfoAtelier4.ip_user_files/bd/atelier4/ip/atelier4_smartconnect_0_0/bd_0/ip/ip_12/sim/bd_de31_woutsw_0.sv" into library xil_defaultlib
INFO: [VRFC 10-311] analyzing module bd_de31_woutsw_0
INFO: [VRFC 10-2263] Analyzing SystemVerilog file "C:/Travail/s4InfoAtelier4/s4InfoAtelier4.ip_user_files/bd/atelier4/ip/atelier4_smartconnect_0_0/bd_0/ip/ip_13/sim/bd_de31_boutsw_0.sv" into library xil_defaultlib
INFO: [VRFC 10-311] analyzing module bd_de31_boutsw_0
INFO: [VRFC 10-2263] Analyzing SystemVerilog file "C:/Travail/s4InfoAtelier4/s4InfoAtelier4.ip_user_files/bd/atelier4/ip/atelier4_smartconnect_0_0/bd_0/ip/ip_14/sim/bd_de31_arni_0.sv" into library xil_defaultlib
INFO: [VRFC 10-311] analyzing module bd_de31_arni_0
INFO: [VRFC 10-2263] Analyzing SystemVerilog file "C:/Travail/s4InfoAtelier4/s4InfoAtelier4.ip_user_files/bd/atelier4/ip/atelier4_smartconnect_0_0/bd_0/ip/ip_15/sim/bd_de31_rni_0.sv" into library xil_defaultlib
INFO: [VRFC 10-311] analyzing module bd_de31_rni_0
INFO: [VRFC 10-2263] Analyzing SystemVerilog file "C:/Travail/s4InfoAtelier4/s4InfoAtelier4.ip_user_files/bd/atelier4/ip/atelier4_smartconnect_0_0/bd_0/ip/ip_16/sim/bd_de31_awni_0.sv" into library xil_defaultlib
INFO: [VRFC 10-311] analyzing module bd_de31_awni_0
INFO: [VRFC 10-2263] Analyzing SystemVerilog file "C:/Travail/s4InfoAtelier4/s4InfoAtelier4.ip_user_files/bd/atelier4/ip/atelier4_smartconnect_0_0/bd_0/ip/ip_17/sim/bd_de31_wni_0.sv" into library xil_defaultlib
INFO: [VRFC 10-311] analyzing module bd_de31_wni_0
INFO: [VRFC 10-2263] Analyzing SystemVerilog file "C:/Travail/s4InfoAtelier4/s4InfoAtelier4.ip_user_files/bd/atelier4/ip/atelier4_smartconnect_0_0/bd_0/ip/ip_18/sim/bd_de31_bni_0.sv" into library xil_defaultlib
INFO: [VRFC 10-311] analyzing module bd_de31_bni_0
INFO: [VRFC 10-2263] Analyzing SystemVerilog file "C:/Travail/s4InfoAtelier4/s4InfoAtelier4.ip_user_files/bd/atelier4/ip/atelier4_smartconnect_0_0/bd_0/ip/ip_19/sim/bd_de31_s00mmu_0.sv" into library xil_defaultlib
INFO: [VRFC 10-311] analyzing module bd_de31_s00mmu_0
INFO: [VRFC 10-2263] Analyzing SystemVerilog file "C:/Travail/s4InfoAtelier4/s4InfoAtelier4.ip_user_files/bd/atelier4/ip/atelier4_smartconnect_0_0/bd_0/ip/ip_20/sim/bd_de31_s00tr_0.sv" into library xil_defaultlib
INFO: [VRFC 10-311] analyzing module bd_de31_s00tr_0
INFO: [VRFC 10-2263] Analyzing SystemVerilog file "C:/Travail/s4InfoAtelier4/s4InfoAtelier4.ip_user_files/bd/atelier4/ip/atelier4_smartconnect_0_0/bd_0/ip/ip_21/sim/bd_de31_s00sic_0.sv" into library xil_defaultlib
INFO: [VRFC 10-311] analyzing module bd_de31_s00sic_0
INFO: [VRFC 10-2263] Analyzing SystemVerilog file "C:/Travail/s4InfoAtelier4/s4InfoAtelier4.ip_user_files/bd/atelier4/ip/atelier4_smartconnect_0_0/bd_0/ip/ip_22/sim/bd_de31_s00a2s_0.sv" into library xil_defaultlib
INFO: [VRFC 10-311] analyzing module bd_de31_s00a2s_0
INFO: [VRFC 10-2263] Analyzing SystemVerilog file "C:/Travail/s4InfoAtelier4/s4InfoAtelier4.ip_user_files/bd/atelier4/ip/atelier4_smartconnect_0_0/bd_0/ip/ip_23/sim/bd_de31_sarn_0.sv" into library xil_defaultlib
INFO: [VRFC 10-311] analyzing module bd_de31_sarn_0
INFO: [VRFC 10-2263] Analyzing SystemVerilog file "C:/Travail/s4InfoAtelier4/s4InfoAtelier4.ip_user_files/bd/atelier4/ip/atelier4_smartconnect_0_0/bd_0/ip/ip_24/sim/bd_de31_srn_0.sv" into library xil_defaultlib
INFO: [VRFC 10-311] analyzing module bd_de31_srn_0
INFO: [VRFC 10-2263] Analyzing SystemVerilog file "C:/Travail/s4InfoAtelier4/s4InfoAtelier4.ip_user_files/bd/atelier4/ip/atelier4_smartconnect_0_0/bd_0/ip/ip_25/sim/bd_de31_sawn_0.sv" into library xil_defaultlib
INFO: [VRFC 10-311] analyzing module bd_de31_sawn_0
INFO: [VRFC 10-2263] Analyzing SystemVerilog file "C:/Travail/s4InfoAtelier4/s4InfoAtelier4.ip_user_files/bd/atelier4/ip/atelier4_smartconnect_0_0/bd_0/ip/ip_26/sim/bd_de31_swn_0.sv" into library xil_defaultlib
INFO: [VRFC 10-311] analyzing module bd_de31_swn_0
INFO: [VRFC 10-2263] Analyzing SystemVerilog file "C:/Travail/s4InfoAtelier4/s4InfoAtelier4.ip_user_files/bd/atelier4/ip/atelier4_smartconnect_0_0/bd_0/ip/ip_27/sim/bd_de31_sbn_0.sv" into library xil_defaultlib
INFO: [VRFC 10-311] analyzing module bd_de31_sbn_0
INFO: [VRFC 10-2263] Analyzing SystemVerilog file "C:/Travail/s4InfoAtelier4/s4InfoAtelier4.ip_user_files/bd/atelier4/ip/atelier4_smartconnect_0_0/bd_0/ip/ip_28/sim/bd_de31_m00s2a_0.sv" into library xil_defaultlib
INFO: [VRFC 10-311] analyzing module bd_de31_m00s2a_0
INFO: [VRFC 10-2263] Analyzing SystemVerilog file "C:/Travail/s4InfoAtelier4/s4InfoAtelier4.ip_user_files/bd/atelier4/ip/atelier4_smartconnect_0_0/bd_0/ip/ip_29/sim/bd_de31_m00arn_0.sv" into library xil_defaultlib
INFO: [VRFC 10-311] analyzing module bd_de31_m00arn_0
INFO: [VRFC 10-2263] Analyzing SystemVerilog file "C:/Travail/s4InfoAtelier4/s4InfoAtelier4.ip_user_files/bd/atelier4/ip/atelier4_smartconnect_0_0/bd_0/ip/ip_30/sim/bd_de31_m00rn_0.sv" into library xil_defaultlib
INFO: [VRFC 10-311] analyzing module bd_de31_m00rn_0
INFO: [VRFC 10-2263] Analyzing SystemVerilog file "C:/Travail/s4InfoAtelier4/s4InfoAtelier4.ip_user_files/bd/atelier4/ip/atelier4_smartconnect_0_0/bd_0/ip/ip_31/sim/bd_de31_m00awn_0.sv" into library xil_defaultlib
INFO: [VRFC 10-311] analyzing module bd_de31_m00awn_0
INFO: [VRFC 10-2263] Analyzing SystemVerilog file "C:/Travail/s4InfoAtelier4/s4InfoAtelier4.ip_user_files/bd/atelier4/ip/atelier4_smartconnect_0_0/bd_0/ip/ip_32/sim/bd_de31_m00wn_0.sv" into library xil_defaultlib
INFO: [VRFC 10-311] analyzing module bd_de31_m00wn_0
INFO: [VRFC 10-2263] Analyzing SystemVerilog file "C:/Travail/s4InfoAtelier4/s4InfoAtelier4.ip_user_files/bd/atelier4/ip/atelier4_smartconnect_0_0/bd_0/ip/ip_33/sim/bd_de31_m00bn_0.sv" into library xil_defaultlib
INFO: [VRFC 10-311] analyzing module bd_de31_m00bn_0
INFO: [VRFC 10-2263] Analyzing SystemVerilog file "C:/Travail/s4InfoAtelier4/s4InfoAtelier4.ip_user_files/bd/atelier4/ip/atelier4_smartconnect_0_0/bd_0/ip/ip_34/sim/bd_de31_m00e_0.sv" into library xil_defaultlib
INFO: [VRFC 10-311] analyzing module bd_de31_m00e_0
INFO: [VRFC 10-2263] Analyzing SystemVerilog file "C:/Travail/s4InfoAtelier4/s4InfoAtelier4.ip_user_files/bd/atelier4/ip/atelier4_smartconnect_0_0/bd_0/ip/ip_35/sim/bd_de31_m01s2a_0.sv" into library xil_defaultlib
INFO: [VRFC 10-311] analyzing module bd_de31_m01s2a_0
INFO: [VRFC 10-2263] Analyzing SystemVerilog file "C:/Travail/s4InfoAtelier4/s4InfoAtelier4.ip_user_files/bd/atelier4/ip/atelier4_smartconnect_0_0/bd_0/ip/ip_36/sim/bd_de31_m01arn_0.sv" into library xil_defaultlib
INFO: [VRFC 10-311] analyzing module bd_de31_m01arn_0
INFO: [VRFC 10-2263] Analyzing SystemVerilog file "C:/Travail/s4InfoAtelier4/s4InfoAtelier4.ip_user_files/bd/atelier4/ip/atelier4_smartconnect_0_0/bd_0/ip/ip_37/sim/bd_de31_m01rn_0.sv" into library xil_defaultlib
INFO: [VRFC 10-311] analyzing module bd_de31_m01rn_0
INFO: [VRFC 10-2263] Analyzing SystemVerilog file "C:/Travail/s4InfoAtelier4/s4InfoAtelier4.ip_user_files/bd/atelier4/ip/atelier4_smartconnect_0_0/bd_0/ip/ip_38/sim/bd_de31_m01awn_0.sv" into library xil_defaultlib
INFO: [VRFC 10-311] analyzing module bd_de31_m01awn_0
INFO: [VRFC 10-2263] Analyzing SystemVerilog file "C:/Travail/s4InfoAtelier4/s4InfoAtelier4.ip_user_files/bd/atelier4/ip/atelier4_smartconnect_0_0/bd_0/ip/ip_39/sim/bd_de31_m01wn_0.sv" into library xil_defaultlib
INFO: [VRFC 10-311] analyzing module bd_de31_m01wn_0
INFO: [VRFC 10-2263] Analyzing SystemVerilog file "C:/Travail/s4InfoAtelier4/s4InfoAtelier4.ip_user_files/bd/atelier4/ip/atelier4_smartconnect_0_0/bd_0/ip/ip_40/sim/bd_de31_m01bn_0.sv" into library xil_defaultlib
INFO: [VRFC 10-311] analyzing module bd_de31_m01bn_0
INFO: [VRFC 10-2263] Analyzing SystemVerilog file "C:/Travail/s4InfoAtelier4/s4InfoAtelier4.ip_user_files/bd/atelier4/ip/atelier4_smartconnect_0_0/bd_0/ip/ip_41/sim/bd_de31_m01e_0.sv" into library xil_defaultlib
INFO: [VRFC 10-311] analyzing module bd_de31_m01e_0
INFO: [VRFC 10-2263] Analyzing SystemVerilog file "C:/Travail/s4InfoAtelier4/s4InfoAtelier4.ip_user_files/bd/atelier4/ip/atelier4_smartconnect_0_0/bd_0/ip/ip_42/sim/bd_de31_m02s2a_0.sv" into library xil_defaultlib
INFO: [VRFC 10-311] analyzing module bd_de31_m02s2a_0
INFO: [VRFC 10-2263] Analyzing SystemVerilog file "C:/Travail/s4InfoAtelier4/s4InfoAtelier4.ip_user_files/bd/atelier4/ip/atelier4_smartconnect_0_0/bd_0/ip/ip_43/sim/bd_de31_m02arn_0.sv" into library xil_defaultlib
INFO: [VRFC 10-311] analyzing module bd_de31_m02arn_0
INFO: [VRFC 10-2263] Analyzing SystemVerilog file "C:/Travail/s4InfoAtelier4/s4InfoAtelier4.ip_user_files/bd/atelier4/ip/atelier4_smartconnect_0_0/bd_0/ip/ip_44/sim/bd_de31_m02rn_0.sv" into library xil_defaultlib
INFO: [VRFC 10-311] analyzing module bd_de31_m02rn_0
INFO: [VRFC 10-2263] Analyzing SystemVerilog file "C:/Travail/s4InfoAtelier4/s4InfoAtelier4.ip_user_files/bd/atelier4/ip/atelier4_smartconnect_0_0/bd_0/ip/ip_45/sim/bd_de31_m02awn_0.sv" into library xil_defaultlib
INFO: [VRFC 10-311] analyzing module bd_de31_m02awn_0
INFO: [VRFC 10-2263] Analyzing SystemVerilog file "C:/Travail/s4InfoAtelier4/s4InfoAtelier4.ip_user_files/bd/atelier4/ip/atelier4_smartconnect_0_0/bd_0/ip/ip_46/sim/bd_de31_m02wn_0.sv" into library xil_defaultlib
INFO: [VRFC 10-311] analyzing module bd_de31_m02wn_0
INFO: [VRFC 10-2263] Analyzing SystemVerilog file "C:/Travail/s4InfoAtelier4/s4InfoAtelier4.ip_user_files/bd/atelier4/ip/atelier4_smartconnect_0_0/bd_0/ip/ip_47/sim/bd_de31_m02bn_0.sv" into library xil_defaultlib
INFO: [VRFC 10-311] analyzing module bd_de31_m02bn_0
INFO: [VRFC 10-2263] Analyzing SystemVerilog file "C:/Travail/s4InfoAtelier4/s4InfoAtelier4.ip_user_files/bd/atelier4/ip/atelier4_smartconnect_0_0/bd_0/ip/ip_48/sim/bd_de31_m02e_0.sv" into library xil_defaultlib
INFO: [VRFC 10-311] analyzing module bd_de31_m02e_0
INFO: [VRFC 10-2263] Analyzing SystemVerilog file "C:/Travail/s4InfoAtelier4/s4InfoAtelier4.ip_user_files/bd/atelier4/ip/atelier4_smartconnect_0_0/bd_0/ip/ip_49/sim/bd_de31_m03s2a_0.sv" into library xil_defaultlib
INFO: [VRFC 10-311] analyzing module bd_de31_m03s2a_0
INFO: [VRFC 10-2263] Analyzing SystemVerilog file "C:/Travail/s4InfoAtelier4/s4InfoAtelier4.ip_user_files/bd/atelier4/ip/atelier4_smartconnect_0_0/bd_0/ip/ip_50/sim/bd_de31_m03arn_0.sv" into library xil_defaultlib
INFO: [VRFC 10-311] analyzing module bd_de31_m03arn_0
INFO: [VRFC 10-2263] Analyzing SystemVerilog file "C:/Travail/s4InfoAtelier4/s4InfoAtelier4.ip_user_files/bd/atelier4/ip/atelier4_smartconnect_0_0/bd_0/ip/ip_51/sim/bd_de31_m03rn_0.sv" into library xil_defaultlib
INFO: [VRFC 10-311] analyzing module bd_de31_m03rn_0
INFO: [VRFC 10-2263] Analyzing SystemVerilog file "C:/Travail/s4InfoAtelier4/s4InfoAtelier4.ip_user_files/bd/atelier4/ip/atelier4_smartconnect_0_0/bd_0/ip/ip_52/sim/bd_de31_m03awn_0.sv" into library xil_defaultlib
INFO: [VRFC 10-311] analyzing module bd_de31_m03awn_0
INFO: [VRFC 10-2263] Analyzing SystemVerilog file "C:/Travail/s4InfoAtelier4/s4InfoAtelier4.ip_user_files/bd/atelier4/ip/atelier4_smartconnect_0_0/bd_0/ip/ip_53/sim/bd_de31_m03wn_0.sv" into library xil_defaultlib
INFO: [VRFC 10-311] analyzing module bd_de31_m03wn_0
INFO: [VRFC 10-2263] Analyzing SystemVerilog file "C:/Travail/s4InfoAtelier4/s4InfoAtelier4.ip_user_files/bd/atelier4/ip/atelier4_smartconnect_0_0/bd_0/ip/ip_54/sim/bd_de31_m03bn_0.sv" into library xil_defaultlib
INFO: [VRFC 10-311] analyzing module bd_de31_m03bn_0
INFO: [VRFC 10-2263] Analyzing SystemVerilog file "C:/Travail/s4InfoAtelier4/s4InfoAtelier4.ip_user_files/bd/atelier4/ip/atelier4_smartconnect_0_0/bd_0/ip/ip_55/sim/bd_de31_m03e_0.sv" into library xil_defaultlib
INFO: [VRFC 10-311] analyzing module bd_de31_m03e_0
INFO: [VRFC 10-2263] Analyzing Verilog file "C:/Travail/s4InfoAtelier4/s4InfoAtelier4.ip_user_files/bd/atelier4/ip/atelier4_smartconnect_0_0/bd_0/sim/bd_de31.v" into library xil_defaultlib
INFO: [VRFC 10-311] analyzing module bd_de31
INFO: [VRFC 10-311] analyzing module clk_map_imp_WAD2WF
INFO: [VRFC 10-311] analyzing module i_nodes_imp_1EEUOZL
INFO: [VRFC 10-311] analyzing module m00_exit_pipeline_imp_133TYD0
INFO: [VRFC 10-311] analyzing module m00_nodes_imp_1P96GPK
INFO: [VRFC 10-311] analyzing module m01_exit_pipeline_imp_178QCQC
INFO: [VRFC 10-311] analyzing module m01_nodes_imp_I97R72
INFO: [VRFC 10-311] analyzing module m02_exit_pipeline_imp_194HR5G
INFO: [VRFC 10-311] analyzing module m02_nodes_imp_H3YU2D
INFO: [VRFC 10-311] analyzing module m03_exit_pipeline_imp_1EDBTKK
INFO: [VRFC 10-311] analyzing module m03_nodes_imp_18KNFLV
INFO: [VRFC 10-311] analyzing module s00_entry_pipeline_imp_4EAGXJ
INFO: [VRFC 10-311] analyzing module s00_nodes_imp_7BIKH9
INFO: [VRFC 10-311] analyzing module switchboards_imp_VIKX15
INFO: [VRFC 10-2263] Analyzing Verilog file "C:/Travail/s4InfoAtelier4/s4InfoAtelier4.ip_user_files/bd/atelier4/ip/atelier4_smartconnect_0_0/sim/atelier4_smartconnect_0_0.v" into library xil_defaultlib
INFO: [VRFC 10-311] analyzing module atelier4_smartconnect_0_0
INFO: [VRFC 10-2263] Analyzing Verilog file "C:/Travail/s4InfoAtelier4/s4InfoAtelier4.ip_user_files/bd/atelier4/ip/atelier4_smartconnect_0_1/bd_0/ip/ip_0/sim/bd_1ef0_one_0.v" into library xil_defaultlib
INFO: [VRFC 10-311] analyzing module bd_1ef0_one_0
INFO: [VRFC 10-2263] Analyzing SystemVerilog file "C:/Travail/s4InfoAtelier4/s4InfoAtelier4.ip_user_files/bd/atelier4/ip/atelier4_smartconnect_0_1/bd_0/ip/ip_4/sim/bd_1ef0_arsw_0.sv" into library xil_defaultlib
INFO: [VRFC 10-311] analyzing module bd_1ef0_arsw_0
INFO: [VRFC 10-2263] Analyzing SystemVerilog file "C:/Travail/s4InfoAtelier4/s4InfoAtelier4.ip_user_files/bd/atelier4/ip/atelier4_smartconnect_0_1/bd_0/ip/ip_5/sim/bd_1ef0_rsw_0.sv" into library xil_defaultlib
INFO: [VRFC 10-311] analyzing module bd_1ef0_rsw_0
INFO: [VRFC 10-2263] Analyzing SystemVerilog file "C:/Travail/s4InfoAtelier4/s4InfoAtelier4.ip_user_files/bd/atelier4/ip/atelier4_smartconnect_0_1/bd_0/ip/ip_6/sim/bd_1ef0_awsw_0.sv" into library xil_defaultlib
INFO: [VRFC 10-311] analyzing module bd_1ef0_awsw_0
INFO: [VRFC 10-2263] Analyzing SystemVerilog file "C:/Travail/s4InfoAtelier4/s4InfoAtelier4.ip_user_files/bd/atelier4/ip/atelier4_smartconnect_0_1/bd_0/ip/ip_7/sim/bd_1ef0_wsw_0.sv" into library xil_defaultlib
INFO: [VRFC 10-311] analyzing module bd_1ef0_wsw_0
INFO: [VRFC 10-2263] Analyzing SystemVerilog file "C:/Travail/s4InfoAtelier4/s4InfoAtelier4.ip_user_files/bd/atelier4/ip/atelier4_smartconnect_0_1/bd_0/ip/ip_8/sim/bd_1ef0_bsw_0.sv" into library xil_defaultlib
INFO: [VRFC 10-311] analyzing module bd_1ef0_bsw_0
INFO: [VRFC 10-2263] Analyzing SystemVerilog file "C:/Travail/s4InfoAtelier4/s4InfoAtelier4.ip_user_files/bd/atelier4/ip/atelier4_smartconnect_0_1/bd_0/ip/ip_9/sim/bd_1ef0_s00mmu_0.sv" into library xil_defaultlib
INFO: [VRFC 10-311] analyzing module bd_1ef0_s00mmu_0
INFO: [VRFC 10-2263] Analyzing SystemVerilog file "C:/Travail/s4InfoAtelier4/s4InfoAtelier4.ip_user_files/bd/atelier4/ip/atelier4_smartconnect_0_1/bd_0/ip/ip_10/sim/bd_1ef0_s00tr_0.sv" into library xil_defaultlib
INFO: [VRFC 10-311] analyzing module bd_1ef0_s00tr_0
INFO: [VRFC 10-2263] Analyzing SystemVerilog file "C:/Travail/s4InfoAtelier4/s4InfoAtelier4.ip_user_files/bd/atelier4/ip/atelier4_smartconnect_0_1/bd_0/ip/ip_11/sim/bd_1ef0_s00sic_0.sv" into library xil_defaultlib
INFO: [VRFC 10-311] analyzing module bd_1ef0_s00sic_0
INFO: [VRFC 10-2263] Analyzing SystemVerilog file "C:/Travail/s4InfoAtelier4/s4InfoAtelier4.ip_user_files/bd/atelier4/ip/atelier4_smartconnect_0_1/bd_0/ip/ip_12/sim/bd_1ef0_s00a2s_0.sv" into library xil_defaultlib
INFO: [VRFC 10-311] analyzing module bd_1ef0_s00a2s_0
INFO: [VRFC 10-2263] Analyzing SystemVerilog file "C:/Travail/s4InfoAtelier4/s4InfoAtelier4.ip_user_files/bd/atelier4/ip/atelier4_smartconnect_0_1/bd_0/ip/ip_13/sim/bd_1ef0_sarn_0.sv" into library xil_defaultlib
INFO: [VRFC 10-311] analyzing module bd_1ef0_sarn_0
INFO: [VRFC 10-2263] Analyzing SystemVerilog file "C:/Travail/s4InfoAtelier4/s4InfoAtelier4.ip_user_files/bd/atelier4/ip/atelier4_smartconnect_0_1/bd_0/ip/ip_14/sim/bd_1ef0_srn_0.sv" into library xil_defaultlib
INFO: [VRFC 10-311] analyzing module bd_1ef0_srn_0
INFO: [VRFC 10-2263] Analyzing SystemVerilog file "C:/Travail/s4InfoAtelier4/s4InfoAtelier4.ip_user_files/bd/atelier4/ip/atelier4_smartconnect_0_1/bd_0/ip/ip_15/sim/bd_1ef0_s01mmu_0.sv" into library xil_defaultlib
INFO: [VRFC 10-311] analyzing module bd_1ef0_s01mmu_0
INFO: [VRFC 10-2263] Analyzing SystemVerilog file "C:/Travail/s4InfoAtelier4/s4InfoAtelier4.ip_user_files/bd/atelier4/ip/atelier4_smartconnect_0_1/bd_0/ip/ip_16/sim/bd_1ef0_s01tr_0.sv" into library xil_defaultlib
INFO: [VRFC 10-311] analyzing module bd_1ef0_s01tr_0
INFO: [VRFC 10-2263] Analyzing SystemVerilog file "C:/Travail/s4InfoAtelier4/s4InfoAtelier4.ip_user_files/bd/atelier4/ip/atelier4_smartconnect_0_1/bd_0/ip/ip_17/sim/bd_1ef0_s01sic_0.sv" into library xil_defaultlib
INFO: [VRFC 10-311] analyzing module bd_1ef0_s01sic_0
INFO: [VRFC 10-2263] Analyzing SystemVerilog file "C:/Travail/s4InfoAtelier4/s4InfoAtelier4.ip_user_files/bd/atelier4/ip/atelier4_smartconnect_0_1/bd_0/ip/ip_18/sim/bd_1ef0_s01a2s_0.sv" into library xil_defaultlib
INFO: [VRFC 10-311] analyzing module bd_1ef0_s01a2s_0
INFO: [VRFC 10-2263] Analyzing SystemVerilog file "C:/Travail/s4InfoAtelier4/s4InfoAtelier4.ip_user_files/bd/atelier4/ip/atelier4_smartconnect_0_1/bd_0/ip/ip_19/sim/bd_1ef0_sawn_0.sv" into library xil_defaultlib
INFO: [VRFC 10-311] analyzing module bd_1ef0_sawn_0
INFO: [VRFC 10-2263] Analyzing SystemVerilog file "C:/Travail/s4InfoAtelier4/s4InfoAtelier4.ip_user_files/bd/atelier4/ip/atelier4_smartconnect_0_1/bd_0/ip/ip_20/sim/bd_1ef0_swn_0.sv" into library xil_defaultlib
INFO: [VRFC 10-311] analyzing module bd_1ef0_swn_0
INFO: [VRFC 10-2263] Analyzing SystemVerilog file "C:/Travail/s4InfoAtelier4/s4InfoAtelier4.ip_user_files/bd/atelier4/ip/atelier4_smartconnect_0_1/bd_0/ip/ip_21/sim/bd_1ef0_sbn_0.sv" into library xil_defaultlib
INFO: [VRFC 10-311] analyzing module bd_1ef0_sbn_0
INFO: [VRFC 10-2263] Analyzing SystemVerilog file "C:/Travail/s4InfoAtelier4/s4InfoAtelier4.ip_user_files/bd/atelier4/ip/atelier4_smartconnect_0_1/bd_0/ip/ip_22/sim/bd_1ef0_m00s2a_0.sv" into library xil_defaultlib
INFO: [VRFC 10-311] analyzing module bd_1ef0_m00s2a_0
INFO: [VRFC 10-2263] Analyzing SystemVerilog file "C:/Travail/s4InfoAtelier4/s4InfoAtelier4.ip_user_files/bd/atelier4/ip/atelier4_smartconnect_0_1/bd_0/ip/ip_23/sim/bd_1ef0_m00arn_0.sv" into library xil_defaultlib
INFO: [VRFC 10-311] analyzing module bd_1ef0_m00arn_0
INFO: [VRFC 10-2263] Analyzing SystemVerilog file "C:/Travail/s4InfoAtelier4/s4InfoAtelier4.ip_user_files/bd/atelier4/ip/atelier4_smartconnect_0_1/bd_0/ip/ip_24/sim/bd_1ef0_m00rn_0.sv" into library xil_defaultlib
INFO: [VRFC 10-311] analyzing module bd_1ef0_m00rn_0
INFO: [VRFC 10-2263] Analyzing SystemVerilog file "C:/Travail/s4InfoAtelier4/s4InfoAtelier4.ip_user_files/bd/atelier4/ip/atelier4_smartconnect_0_1/bd_0/ip/ip_25/sim/bd_1ef0_m00awn_0.sv" into library xil_defaultlib
INFO: [VRFC 10-311] analyzing module bd_1ef0_m00awn_0
INFO: [VRFC 10-2263] Analyzing SystemVerilog file "C:/Travail/s4InfoAtelier4/s4InfoAtelier4.ip_user_files/bd/atelier4/ip/atelier4_smartconnect_0_1/bd_0/ip/ip_26/sim/bd_1ef0_m00wn_0.sv" into library xil_defaultlib
INFO: [VRFC 10-311] analyzing module bd_1ef0_m00wn_0
INFO: [VRFC 10-2263] Analyzing SystemVerilog file "C:/Travail/s4InfoAtelier4/s4InfoAtelier4.ip_user_files/bd/atelier4/ip/atelier4_smartconnect_0_1/bd_0/ip/ip_27/sim/bd_1ef0_m00bn_0.sv" into library xil_defaultlib
INFO: [VRFC 10-311] analyzing module bd_1ef0_m00bn_0
INFO: [VRFC 10-2263] Analyzing SystemVerilog file "C:/Travail/s4InfoAtelier4/s4InfoAtelier4.ip_user_files/bd/atelier4/ip/atelier4_smartconnect_0_1/bd_0/ip/ip_28/sim/bd_1ef0_m00e_0.sv" into library xil_defaultlib
INFO: [VRFC 10-311] analyzing module bd_1ef0_m00e_0
INFO: [VRFC 10-2263] Analyzing Verilog file "C:/Travail/s4InfoAtelier4/s4InfoAtelier4.ip_user_files/bd/atelier4/ip/atelier4_smartconnect_0_1/bd_0/sim/bd_1ef0.v" into library xil_defaultlib
INFO: [VRFC 10-311] analyzing module bd_1ef0
INFO: [VRFC 10-311] analyzing module clk_map_imp_FM4AGO
INFO: [VRFC 10-311] analyzing module m00_exit_pipeline_imp_1HIXSF7
INFO: [VRFC 10-311] analyzing module m00_nodes_imp_146YTQN
INFO: [VRFC 10-311] analyzing module s00_entry_pipeline_imp_ISRH9C
INFO: [VRFC 10-311] analyzing module s00_nodes_imp_NZSEUY
INFO: [VRFC 10-311] analyzing module s01_entry_pipeline_imp_1O4K92S
INFO: [VRFC 10-311] analyzing module s01_nodes_imp_1KGBGI4
INFO: [VRFC 10-311] analyzing module switchboards_imp_H2VBXQ
INFO: [VRFC 10-2263] Analyzing Verilog file "C:/Travail/s4InfoAtelier4/s4InfoAtelier4.ip_user_files/bd/atelier4/ip/atelier4_smartconnect_0_1/sim/atelier4_smartconnect_0_1.v" into library xil_defaultlib
INFO: [VRFC 10-311] analyzing module atelier4_smartconnect_0_1
INFO: [VRFC 10-2263] Analyzing Verilog file "C:/Travail/s4InfoAtelier4/s4InfoAtelier4.ip_user_files/bd/atelier4/ip/atelier4_v_axi4s_vid_out_0_0/sim/atelier4_v_axi4s_vid_out_0_0.v" into library xil_defaultlib
INFO: [VRFC 10-311] analyzing module atelier4_v_axi4s_vid_out_0_0
INFO: [VRFC 10-2263] Analyzing Verilog file "C:/Travail/s4InfoAtelier4/s4InfoAtelier4.ip_user_files/bd/atelier4/ip/atelier4_v_proc_ss_0_0/bd_1/ip/ip_0/sim/bd_0cc7_one_0.v" into library xil_defaultlib
INFO: [VRFC 10-311] analyzing module bd_0cc7_one_0
INFO: [VRFC 10-2263] Analyzing SystemVerilog file "C:/Travail/s4InfoAtelier4/s4InfoAtelier4.ip_user_files/bd/atelier4/ip/atelier4_v_proc_ss_0_0/bd_1/ip/ip_2/sim/bd_0cc7_arinsw_0.sv" into library xil_defaultlib
INFO: [VRFC 10-311] analyzing module bd_0cc7_arinsw_0
INFO: [VRFC 10-2263] Analyzing SystemVerilog file "C:/Travail/s4InfoAtelier4/s4InfoAtelier4.ip_user_files/bd/atelier4/ip/atelier4_v_proc_ss_0_0/bd_1/ip/ip_3/sim/bd_0cc7_rinsw_0.sv" into library xil_defaultlib
INFO: [VRFC 10-311] analyzing module bd_0cc7_rinsw_0
INFO: [VRFC 10-2263] Analyzing SystemVerilog file "C:/Travail/s4InfoAtelier4/s4InfoAtelier4.ip_user_files/bd/atelier4/ip/atelier4_v_proc_ss_0_0/bd_1/ip/ip_4/sim/bd_0cc7_awinsw_0.sv" into library xil_defaultlib
INFO: [VRFC 10-311] analyzing module bd_0cc7_awinsw_0
INFO: [VRFC 10-2263] Analyzing SystemVerilog file "C:/Travail/s4InfoAtelier4/s4InfoAtelier4.ip_user_files/bd/atelier4/ip/atelier4_v_proc_ss_0_0/bd_1/ip/ip_5/sim/bd_0cc7_winsw_0.sv" into library xil_defaultlib
INFO: [VRFC 10-311] analyzing module bd_0cc7_winsw_0
INFO: [VRFC 10-2263] Analyzing SystemVerilog file "C:/Travail/s4InfoAtelier4/s4InfoAtelier4.ip_user_files/bd/atelier4/ip/atelier4_v_proc_ss_0_0/bd_1/ip/ip_6/sim/bd_0cc7_binsw_0.sv" into library xil_defaultlib
INFO: [VRFC 10-311] analyzing module bd_0cc7_binsw_0
INFO: [VRFC 10-2263] Analyzing SystemVerilog file "C:/Travail/s4InfoAtelier4/s4InfoAtelier4.ip_user_files/bd/atelier4/ip/atelier4_v_proc_ss_0_0/bd_1/ip/ip_7/sim/bd_0cc7_aroutsw_0.sv" into library xil_defaultlib
INFO: [VRFC 10-311] analyzing module bd_0cc7_aroutsw_0
INFO: [VRFC 10-2263] Analyzing SystemVerilog file "C:/Travail/s4InfoAtelier4/s4InfoAtelier4.ip_user_files/bd/atelier4/ip/atelier4_v_proc_ss_0_0/bd_1/ip/ip_8/sim/bd_0cc7_routsw_0.sv" into library xil_defaultlib
INFO: [VRFC 10-311] analyzing module bd_0cc7_routsw_0
INFO: [VRFC 10-2263] Analyzing SystemVerilog file "C:/Travail/s4InfoAtelier4/s4InfoAtelier4.ip_user_files/bd/atelier4/ip/atelier4_v_proc_ss_0_0/bd_1/ip/ip_9/sim/bd_0cc7_awoutsw_0.sv" into library xil_defaultlib
INFO: [VRFC 10-311] analyzing module bd_0cc7_awoutsw_0
INFO: [VRFC 10-2263] Analyzing SystemVerilog file "C:/Travail/s4InfoAtelier4/s4InfoAtelier4.ip_user_files/bd/atelier4/ip/atelier4_v_proc_ss_0_0/bd_1/ip/ip_10/sim/bd_0cc7_woutsw_0.sv" into library xil_defaultlib
INFO: [VRFC 10-311] analyzing module bd_0cc7_woutsw_0
INFO: [VRFC 10-2263] Analyzing SystemVerilog file "C:/Travail/s4InfoAtelier4/s4InfoAtelier4.ip_user_files/bd/atelier4/ip/atelier4_v_proc_ss_0_0/bd_1/ip/ip_11/sim/bd_0cc7_boutsw_0.sv" into library xil_defaultlib
INFO: [VRFC 10-311] analyzing module bd_0cc7_boutsw_0
INFO: [VRFC 10-2263] Analyzing SystemVerilog file "C:/Travail/s4InfoAtelier4/s4InfoAtelier4.ip_user_files/bd/atelier4/ip/atelier4_v_proc_ss_0_0/bd_1/ip/ip_12/sim/bd_0cc7_arni_0.sv" into library xil_defaultlib
INFO: [VRFC 10-311] analyzing module bd_0cc7_arni_0
INFO: [VRFC 10-2263] Analyzing SystemVerilog file "C:/Travail/s4InfoAtelier4/s4InfoAtelier4.ip_user_files/bd/atelier4/ip/atelier4_v_proc_ss_0_0/bd_1/ip/ip_13/sim/bd_0cc7_rni_0.sv" into library xil_defaultlib
INFO: [VRFC 10-311] analyzing module bd_0cc7_rni_0
INFO: [VRFC 10-2263] Analyzing SystemVerilog file "C:/Travail/s4InfoAtelier4/s4InfoAtelier4.ip_user_files/bd/atelier4/ip/atelier4_v_proc_ss_0_0/bd_1/ip/ip_14/sim/bd_0cc7_awni_0.sv" into library xil_defaultlib
INFO: [VRFC 10-311] analyzing module bd_0cc7_awni_0
INFO: [VRFC 10-2263] Analyzing SystemVerilog file "C:/Travail/s4InfoAtelier4/s4InfoAtelier4.ip_user_files/bd/atelier4/ip/atelier4_v_proc_ss_0_0/bd_1/ip/ip_15/sim/bd_0cc7_wni_0.sv" into library xil_defaultlib
INFO: [VRFC 10-311] analyzing module bd_0cc7_wni_0
INFO: [VRFC 10-2263] Analyzing SystemVerilog file "C:/Travail/s4InfoAtelier4/s4InfoAtelier4.ip_user_files/bd/atelier4/ip/atelier4_v_proc_ss_0_0/bd_1/ip/ip_16/sim/bd_0cc7_bni_0.sv" into library xil_defaultlib
INFO: [VRFC 10-311] analyzing module bd_0cc7_bni_0
INFO: [VRFC 10-2263] Analyzing SystemVerilog file "C:/Travail/s4InfoAtelier4/s4InfoAtelier4.ip_user_files/bd/atelier4/ip/atelier4_v_proc_ss_0_0/bd_1/ip/ip_17/sim/bd_0cc7_s00mmu_0.sv" into library xil_defaultlib
INFO: [VRFC 10-311] analyzing module bd_0cc7_s00mmu_0
INFO: [VRFC 10-2263] Analyzing SystemVerilog file "C:/Travail/s4InfoAtelier4/s4InfoAtelier4.ip_user_files/bd/atelier4/ip/atelier4_v_proc_ss_0_0/bd_1/ip/ip_18/sim/bd_0cc7_s00tr_0.sv" into library xil_defaultlib
INFO: [VRFC 10-311] analyzing module bd_0cc7_s00tr_0
INFO: [VRFC 10-2263] Analyzing SystemVerilog file "C:/Travail/s4InfoAtelier4/s4InfoAtelier4.ip_user_files/bd/atelier4/ip/atelier4_v_proc_ss_0_0/bd_1/ip/ip_19/sim/bd_0cc7_s00sic_0.sv" into library xil_defaultlib
INFO: [VRFC 10-311] analyzing module bd_0cc7_s00sic_0
INFO: [VRFC 10-2263] Analyzing SystemVerilog file "C:/Travail/s4InfoAtelier4/s4InfoAtelier4.ip_user_files/bd/atelier4/ip/atelier4_v_proc_ss_0_0/bd_1/ip/ip_20/sim/bd_0cc7_s00a2s_0.sv" into library xil_defaultlib
INFO: [VRFC 10-311] analyzing module bd_0cc7_s00a2s_0
INFO: [VRFC 10-2263] Analyzing SystemVerilog file "C:/Travail/s4InfoAtelier4/s4InfoAtelier4.ip_user_files/bd/atelier4/ip/atelier4_v_proc_ss_0_0/bd_1/ip/ip_21/sim/bd_0cc7_sarn_0.sv" into library xil_defaultlib
INFO: [VRFC 10-311] analyzing module bd_0cc7_sarn_0
INFO: [VRFC 10-2263] Analyzing SystemVerilog file "C:/Travail/s4InfoAtelier4/s4InfoAtelier4.ip_user_files/bd/atelier4/ip/atelier4_v_proc_ss_0_0/bd_1/ip/ip_22/sim/bd_0cc7_srn_0.sv" into library xil_defaultlib
INFO: [VRFC 10-311] analyzing module bd_0cc7_srn_0
INFO: [VRFC 10-2263] Analyzing SystemVerilog file "C:/Travail/s4InfoAtelier4/s4InfoAtelier4.ip_user_files/bd/atelier4/ip/atelier4_v_proc_ss_0_0/bd_1/ip/ip_23/sim/bd_0cc7_sawn_0.sv" into library xil_defaultlib
INFO: [VRFC 10-311] analyzing module bd_0cc7_sawn_0
INFO: [VRFC 10-2263] Analyzing SystemVerilog file "C:/Travail/s4InfoAtelier4/s4InfoAtelier4.ip_user_files/bd/atelier4/ip/atelier4_v_proc_ss_0_0/bd_1/ip/ip_24/sim/bd_0cc7_swn_0.sv" into library xil_defaultlib
INFO: [VRFC 10-311] analyzing module bd_0cc7_swn_0
INFO: [VRFC 10-2263] Analyzing SystemVerilog file "C:/Travail/s4InfoAtelier4/s4InfoAtelier4.ip_user_files/bd/atelier4/ip/atelier4_v_proc_ss_0_0/bd_1/ip/ip_25/sim/bd_0cc7_sbn_0.sv" into library xil_defaultlib
INFO: [VRFC 10-311] analyzing module bd_0cc7_sbn_0
INFO: [VRFC 10-2263] Analyzing SystemVerilog file "C:/Travail/s4InfoAtelier4/s4InfoAtelier4.ip_user_files/bd/atelier4/ip/atelier4_v_proc_ss_0_0/bd_1/ip/ip_26/sim/bd_0cc7_m00s2a_0.sv" into library xil_defaultlib
INFO: [VRFC 10-311] analyzing module bd_0cc7_m00s2a_0
INFO: [VRFC 10-2263] Analyzing SystemVerilog file "C:/Travail/s4InfoAtelier4/s4InfoAtelier4.ip_user_files/bd/atelier4/ip/atelier4_v_proc_ss_0_0/bd_1/ip/ip_27/sim/bd_0cc7_m00arn_0.sv" into library xil_defaultlib
INFO: [VRFC 10-311] analyzing module bd_0cc7_m00arn_0
INFO: [VRFC 10-2263] Analyzing SystemVerilog file "C:/Travail/s4InfoAtelier4/s4InfoAtelier4.ip_user_files/bd/atelier4/ip/atelier4_v_proc_ss_0_0/bd_1/ip/ip_28/sim/bd_0cc7_m00rn_0.sv" into library xil_defaultlib
INFO: [VRFC 10-311] analyzing module bd_0cc7_m00rn_0
INFO: [VRFC 10-2263] Analyzing SystemVerilog file "C:/Travail/s4InfoAtelier4/s4InfoAtelier4.ip_user_files/bd/atelier4/ip/atelier4_v_proc_ss_0_0/bd_1/ip/ip_29/sim/bd_0cc7_m00awn_0.sv" into library xil_defaultlib
INFO: [VRFC 10-311] analyzing module bd_0cc7_m00awn_0
INFO: [VRFC 10-2263] Analyzing SystemVerilog file "C:/Travail/s4InfoAtelier4/s4InfoAtelier4.ip_user_files/bd/atelier4/ip/atelier4_v_proc_ss_0_0/bd_1/ip/ip_30/sim/bd_0cc7_m00wn_0.sv" into library xil_defaultlib
INFO: [VRFC 10-311] analyzing module bd_0cc7_m00wn_0
INFO: [VRFC 10-2263] Analyzing SystemVerilog file "C:/Travail/s4InfoAtelier4/s4InfoAtelier4.ip_user_files/bd/atelier4/ip/atelier4_v_proc_ss_0_0/bd_1/ip/ip_31/sim/bd_0cc7_m00bn_0.sv" into library xil_defaultlib
INFO: [VRFC 10-311] analyzing module bd_0cc7_m00bn_0
INFO: [VRFC 10-2263] Analyzing SystemVerilog file "C:/Travail/s4InfoAtelier4/s4InfoAtelier4.ip_user_files/bd/atelier4/ip/atelier4_v_proc_ss_0_0/bd_1/ip/ip_32/sim/bd_0cc7_m00e_0.sv" into library xil_defaultlib
INFO: [VRFC 10-311] analyzing module bd_0cc7_m00e_0
INFO: [VRFC 10-2263] Analyzing SystemVerilog file "C:/Travail/s4InfoAtelier4/s4InfoAtelier4.ip_user_files/bd/atelier4/ip/atelier4_v_proc_ss_0_0/bd_1/ip/ip_33/sim/bd_0cc7_m01s2a_0.sv" into library xil_defaultlib
INFO: [VRFC 10-311] analyzing module bd_0cc7_m01s2a_0
INFO: [VRFC 10-2263] Analyzing SystemVerilog file "C:/Travail/s4InfoAtelier4/s4InfoAtelier4.ip_user_files/bd/atelier4/ip/atelier4_v_proc_ss_0_0/bd_1/ip/ip_34/sim/bd_0cc7_m01arn_0.sv" into library xil_defaultlib
INFO: [VRFC 10-311] analyzing module bd_0cc7_m01arn_0
INFO: [VRFC 10-2263] Analyzing SystemVerilog file "C:/Travail/s4InfoAtelier4/s4InfoAtelier4.ip_user_files/bd/atelier4/ip/atelier4_v_proc_ss_0_0/bd_1/ip/ip_35/sim/bd_0cc7_m01rn_0.sv" into library xil_defaultlib
INFO: [VRFC 10-311] analyzing module bd_0cc7_m01rn_0
INFO: [VRFC 10-2263] Analyzing SystemVerilog file "C:/Travail/s4InfoAtelier4/s4InfoAtelier4.ip_user_files/bd/atelier4/ip/atelier4_v_proc_ss_0_0/bd_1/ip/ip_36/sim/bd_0cc7_m01awn_0.sv" into library xil_defaultlib
INFO: [VRFC 10-311] analyzing module bd_0cc7_m01awn_0
INFO: [VRFC 10-2263] Analyzing SystemVerilog file "C:/Travail/s4InfoAtelier4/s4InfoAtelier4.ip_user_files/bd/atelier4/ip/atelier4_v_proc_ss_0_0/bd_1/ip/ip_37/sim/bd_0cc7_m01wn_0.sv" into library xil_defaultlib
INFO: [VRFC 10-311] analyzing module bd_0cc7_m01wn_0
INFO: [VRFC 10-2263] Analyzing SystemVerilog file "C:/Travail/s4InfoAtelier4/s4InfoAtelier4.ip_user_files/bd/atelier4/ip/atelier4_v_proc_ss_0_0/bd_1/ip/ip_38/sim/bd_0cc7_m01bn_0.sv" into library xil_defaultlib
INFO: [VRFC 10-311] analyzing module bd_0cc7_m01bn_0
INFO: [VRFC 10-2263] Analyzing SystemVerilog file "C:/Travail/s4InfoAtelier4/s4InfoAtelier4.ip_user_files/bd/atelier4/ip/atelier4_v_proc_ss_0_0/bd_1/ip/ip_39/sim/bd_0cc7_m01e_0.sv" into library xil_defaultlib
INFO: [VRFC 10-311] analyzing module bd_0cc7_m01e_0
INFO: [VRFC 10-2263] Analyzing SystemVerilog file "C:/Travail/s4InfoAtelier4/s4InfoAtelier4.ip_user_files/bd/atelier4/ip/atelier4_v_proc_ss_0_0/bd_1/ip/ip_40/sim/bd_0cc7_m02s2a_0.sv" into library xil_defaultlib
INFO: [VRFC 10-311] analyzing module bd_0cc7_m02s2a_0
INFO: [VRFC 10-2263] Analyzing SystemVerilog file "C:/Travail/s4InfoAtelier4/s4InfoAtelier4.ip_user_files/bd/atelier4/ip/atelier4_v_proc_ss_0_0/bd_1/ip/ip_41/sim/bd_0cc7_m02arn_0.sv" into library xil_defaultlib
INFO: [VRFC 10-311] analyzing module bd_0cc7_m02arn_0
INFO: [VRFC 10-2263] Analyzing SystemVerilog file "C:/Travail/s4InfoAtelier4/s4InfoAtelier4.ip_user_files/bd/atelier4/ip/atelier4_v_proc_ss_0_0/bd_1/ip/ip_42/sim/bd_0cc7_m02rn_0.sv" into library xil_defaultlib
INFO: [VRFC 10-311] analyzing module bd_0cc7_m02rn_0
INFO: [VRFC 10-2263] Analyzing SystemVerilog file "C:/Travail/s4InfoAtelier4/s4InfoAtelier4.ip_user_files/bd/atelier4/ip/atelier4_v_proc_ss_0_0/bd_1/ip/ip_43/sim/bd_0cc7_m02awn_0.sv" into library xil_defaultlib
INFO: [VRFC 10-311] analyzing module bd_0cc7_m02awn_0
INFO: [VRFC 10-2263] Analyzing SystemVerilog file "C:/Travail/s4InfoAtelier4/s4InfoAtelier4.ip_user_files/bd/atelier4/ip/atelier4_v_proc_ss_0_0/bd_1/ip/ip_44/sim/bd_0cc7_m02wn_0.sv" into library xil_defaultlib
INFO: [VRFC 10-311] analyzing module bd_0cc7_m02wn_0
INFO: [VRFC 10-2263] Analyzing SystemVerilog file "C:/Travail/s4InfoAtelier4/s4InfoAtelier4.ip_user_files/bd/atelier4/ip/atelier4_v_proc_ss_0_0/bd_1/ip/ip_45/sim/bd_0cc7_m02bn_0.sv" into library xil_defaultlib
INFO: [VRFC 10-311] analyzing module bd_0cc7_m02bn_0
INFO: [VRFC 10-2263] Analyzing SystemVerilog file "C:/Travail/s4InfoAtelier4/s4InfoAtelier4.ip_user_files/bd/atelier4/ip/atelier4_v_proc_ss_0_0/bd_1/ip/ip_46/sim/bd_0cc7_m02e_0.sv" into library xil_defaultlib
INFO: [VRFC 10-311] analyzing module bd_0cc7_m02e_0
INFO: [VRFC 10-2263] Analyzing Verilog file "C:/Travail/s4InfoAtelier4/s4InfoAtelier4.ip_user_files/bd/atelier4/ip/atelier4_v_proc_ss_0_0/bd_1/sim/bd_0cc7.v" into library xil_defaultlib
INFO: [VRFC 10-311] analyzing module bd_0cc7
INFO: [VRFC 10-311] analyzing module clk_map_imp_SOQOCP
INFO: [VRFC 10-311] analyzing module i_nodes_imp_1A7JDWN
INFO: [VRFC 10-311] analyzing module m00_exit_pipeline_imp_18C4U8I
INFO: [VRFC 10-311] analyzing module m00_nodes_imp_1LPL5BY
INFO: [VRFC 10-311] analyzing module m01_exit_pipeline_imp_11ZC1QQ
INFO: [VRFC 10-311] analyzing module m01_nodes_imp_N0I5VS
INFO: [VRFC 10-311] analyzing module m02_exit_pipeline_imp_1DA34IA
INFO: [VRFC 10-311] analyzing module m02_nodes_imp_CX4DQR
INFO: [VRFC 10-311] analyzing module s00_entry_pipeline_imp_80J7RL
INFO: [VRFC 10-311] analyzing module s00_nodes_imp_2LGW0B
INFO: [VRFC 10-311] analyzing module switchboards_imp_RDLVZ3
INFO: [VRFC 10-2263] Analyzing Verilog file "C:/Travail/s4InfoAtelier4/s4InfoAtelier4.ip_user_files/bd/atelier4/ip/atelier4_v_proc_ss_0_0/bd_0/ip/ip_0/sim/bd_0837_smartconnect_0_0.v" into library xil_defaultlib
INFO: [VRFC 10-311] analyzing module bd_0837_smartconnect_0_0
INFO: [VRFC 10-2263] Analyzing Verilog file "C:/Travail/s4InfoAtelier4/s4InfoAtelier4.ip_user_files/bd/atelier4/ip/atelier4_v_proc_ss_0_0/bd_0/ip/ip_1/hdl/verilog/bd_0837_vsc_0_AXIvideo2MultiPixStream.v" into library xil_defaultlib
INFO: [VRFC 10-311] analyzing module bd_0837_vsc_0_AXIvideo2MultiPixStream
INFO: [VRFC 10-2263] Analyzing Verilog file "C:/Travail/s4InfoAtelier4/s4InfoAtelier4.ip_user_files/bd/atelier4/ip/atelier4_v_proc_ss_0_0/bd_0/ip/ip_1/hdl/verilog/bd_0837_vsc_0_Block_split4_proc.v" into library xil_defaultlib
INFO: [VRFC 10-311] analyzing module bd_0837_vsc_0_Block_split4_proc
INFO: [VRFC 10-2263] Analyzing Verilog file "C:/Travail/s4InfoAtelier4/s4InfoAtelier4.ip_user_files/bd/atelier4/ip/atelier4_v_proc_ss_0_0/bd_0/ip/ip_1/hdl/verilog/bd_0837_vsc_0_CTRL_s_axi.v" into library xil_defaultlib
INFO: [VRFC 10-311] analyzing module bd_0837_vsc_0_CTRL_s_axi
INFO: [VRFC 10-311] analyzing module bd_0837_vsc_0_CTRL_s_axi_ram
INFO: [VRFC 10-2263] Analyzing Verilog file "C:/Travail/s4InfoAtelier4/s4InfoAtelier4.ip_user_files/bd/atelier4/ip/atelier4_v_proc_ss_0_0/bd_0/ip/ip_1/hdl/verilog/bd_0837_vsc_0_fifo_w8_d2_S.v" into library xil_defaultlib
INFO: [VRFC 10-311] analyzing module bd_0837_vsc_0_fifo_w8_d2_S_shiftReg
INFO: [VRFC 10-311] analyzing module bd_0837_vsc_0_fifo_w8_d2_S
INFO: [VRFC 10-2263] Analyzing Verilog file "C:/Travail/s4InfoAtelier4/s4InfoAtelier4.ip_user_files/bd/atelier4/ip/atelier4_v_proc_ss_0_0/bd_0/ip/ip_1/hdl/verilog/bd_0837_vsc_0_fifo_w8_d3_S.v" into library xil_defaultlib
INFO: [VRFC 10-311] analyzing module bd_0837_vsc_0_fifo_w8_d3_S_shiftReg
INFO: [VRFC 10-311] analyzing module bd_0837_vsc_0_fifo_w8_d3_S
INFO: [VRFC 10-2263] Analyzing Verilog file "C:/Travail/s4InfoAtelier4/s4InfoAtelier4.ip_user_files/bd/atelier4/ip/atelier4_v_proc_ss_0_0/bd_0/ip/ip_1/hdl/verilog/bd_0837_vsc_0_fifo_w10_d2_S.v" into library xil_defaultlib
INFO: [VRFC 10-311] analyzing module bd_0837_vsc_0_fifo_w10_d2_S_shiftReg
INFO: [VRFC 10-311] analyzing module bd_0837_vsc_0_fifo_w10_d2_S
INFO: [VRFC 10-2263] Analyzing Verilog file "C:/Travail/s4InfoAtelier4/s4InfoAtelier4.ip_user_files/bd/atelier4/ip/atelier4_v_proc_ss_0_0/bd_0/ip/ip_1/hdl/verilog/bd_0837_vsc_0_fifo_w10_d4_S.v" into library xil_defaultlib
INFO: [VRFC 10-311] analyzing module bd_0837_vsc_0_fifo_w10_d4_S_shiftReg
INFO: [VRFC 10-311] analyzing module bd_0837_vsc_0_fifo_w10_d4_S
INFO: [VRFC 10-2263] Analyzing Verilog file "C:/Travail/s4InfoAtelier4/s4InfoAtelier4.ip_user_files/bd/atelier4/ip/atelier4_v_proc_ss_0_0/bd_0/ip/ip_1/hdl/verilog/bd_0837_vsc_0_fifo_w11_d2_S.v" into library xil_defaultlib
INFO: [VRFC 10-311] analyzing module bd_0837_vsc_0_fifo_w11_d2_S_shiftReg
INFO: [VRFC 10-311] analyzing module bd_0837_vsc_0_fifo_w11_d2_S
INFO: [VRFC 10-2263] Analyzing Verilog file "C:/Travail/s4InfoAtelier4/s4InfoAtelier4.ip_user_files/bd/atelier4/ip/atelier4_v_proc_ss_0_0/bd_0/ip/ip_1/hdl/verilog/bd_0837_vsc_0_fifo_w24_d16_S.v" into library xil_defaultlib
INFO: [VRFC 10-311] analyzing module bd_0837_vsc_0_fifo_w24_d16_S_shiftReg
INFO: [VRFC 10-311] analyzing module bd_0837_vsc_0_fifo_w24_d16_S
INFO: [VRFC 10-2263] Analyzing Verilog file "C:/Travail/s4InfoAtelier4/s4InfoAtelier4.ip_user_files/bd/atelier4/ip/atelier4_v_proc_ss_0_0/bd_0/ip/ip_1/hdl/verilog/bd_0837_vsc_0_fifo_w32_d4_S.v" into library xil_defaultlib
INFO: [VRFC 10-311] analyzing module bd_0837_vsc_0_fifo_w32_d4_S_shiftReg
INFO: [VRFC 10-311] analyzing module bd_0837_vsc_0_fifo_w32_d4_S
INFO: [VRFC 10-2263] Analyzing Verilog file "C:/Travail/s4InfoAtelier4/s4InfoAtelier4.ip_user_files/bd/atelier4/ip/atelier4_v_proc_ss_0_0/bd_0/ip/ip_1/hdl/verilog/bd_0837_vsc_0_hls_deadlock_detection_unit.v" into library xil_defaultlib
INFO: [VRFC 10-311] analyzing module bd_0837_vsc_0_hls_deadlock_detect_unit
INFO: [VRFC 10-2263] Analyzing Verilog file "C:/Travail/s4InfoAtelier4/s4InfoAtelier4.ip_user_files/bd/atelier4/ip/atelier4_v_proc_ss_0_0/bd_0/ip/ip_1/hdl/verilog/bd_0837_vsc_0_mac_muladd_8ns_16s_13ns_24_4_1.v" into library xil_defaultlib
INFO: [VRFC 10-311] analyzing module bd_0837_vsc_0_mac_muladd_8ns_16s_13ns_24_4_1_DSP48_0
INFO: [VRFC 10-311] analyzing module bd_0837_vsc_0_mac_muladd_8ns_16s_13ns_24_4_1
INFO: [VRFC 10-2263] Analyzing Verilog file "C:/Travail/s4InfoAtelier4/s4InfoAtelier4.ip_user_files/bd/atelier4/ip/atelier4_v_proc_ss_0_0/bd_0/ip/ip_1/hdl/verilog/bd_0837_vsc_0_mac_muladd_8ns_16s_24s_25_4_1.v" into library xil_defaultlib
INFO: [VRFC 10-311] analyzing module bd_0837_vsc_0_mac_muladd_8ns_16s_24s_25_4_1_DSP48_1
INFO: [VRFC 10-311] analyzing module bd_0837_vsc_0_mac_muladd_8ns_16s_24s_25_4_1
INFO: [VRFC 10-2263] Analyzing Verilog file "C:/Travail/s4InfoAtelier4/s4InfoAtelier4.ip_user_files/bd/atelier4/ip/atelier4_v_proc_ss_0_0/bd_0/ip/ip_1/hdl/verilog/bd_0837_vsc_0_mac_muladd_8ns_16s_25s_26_4_1.v" into library xil_defaultlib
INFO: [VRFC 10-311] analyzing module bd_0837_vsc_0_mac_muladd_8ns_16s_25s_26_4_1_DSP48_2
INFO: [VRFC 10-311] analyzing module bd_0837_vsc_0_mac_muladd_8ns_16s_25s_26_4_1
INFO: [VRFC 10-2263] Analyzing Verilog file "C:/Travail/s4InfoAtelier4/s4InfoAtelier4.ip_user_files/bd/atelier4/ip/atelier4_v_proc_ss_0_0/bd_0/ip/ip_1/hdl/verilog/bd_0837_vsc_0_mac_muladd_8ns_16s_26s_26_4_1.v" into library xil_defaultlib
INFO: [VRFC 10-311] analyzing module bd_0837_vsc_0_mac_muladd_8ns_16s_26s_26_4_1_DSP48_3
INFO: [VRFC 10-311] analyzing module bd_0837_vsc_0_mac_muladd_8ns_16s_26s_26_4_1
INFO: [VRFC 10-2263] Analyzing Verilog file "C:/Travail/s4InfoAtelier4/s4InfoAtelier4.ip_user_files/bd/atelier4/ip/atelier4_v_proc_ss_0_0/bd_0/ip/ip_1/hdl/verilog/bd_0837_vsc_0_mac_muladd_8ns_16s_26s_27_4_1.v" into library xil_defaultlib
INFO: [VRFC 10-311] analyzing module bd_0837_vsc_0_mac_muladd_8ns_16s_26s_27_4_1_DSP48_4
INFO: [VRFC 10-311] analyzing module bd_0837_vsc_0_mac_muladd_8ns_16s_26s_27_4_1
INFO: [VRFC 10-2263] Analyzing Verilog file "C:/Travail/s4InfoAtelier4/s4InfoAtelier4.ip_user_files/bd/atelier4/ip/atelier4_v_proc_ss_0_0/bd_0/ip/ip_1/hdl/verilog/bd_0837_vsc_0_mac_muladd_8ns_16s_27s_27_4_1.v" into library xil_defaultlib
INFO: [VRFC 10-311] analyzing module bd_0837_vsc_0_mac_muladd_8ns_16s_27s_27_4_1_DSP48_5
INFO: [VRFC 10-311] analyzing module bd_0837_vsc_0_mac_muladd_8ns_16s_27s_27_4_1
INFO: [VRFC 10-2263] Analyzing Verilog file "C:/Travail/s4InfoAtelier4/s4InfoAtelier4.ip_user_files/bd/atelier4/ip/atelier4_v_proc_ss_0_0/bd_0/ip/ip_1/hdl/verilog/bd_0837_vsc_0_MultiPixStream2AXIvideo.v" into library xil_defaultlib
INFO: [VRFC 10-311] analyzing module bd_0837_vsc_0_MultiPixStream2AXIvideo
INFO: [VRFC 10-2263] Analyzing Verilog file "C:/Travail/s4InfoAtelier4/s4InfoAtelier4.ip_user_files/bd/atelier4/ip/atelier4_v_proc_ss_0_0/bd_0/ip/ip_1/hdl/verilog/bd_0837_vsc_0_reg_unsigned_short_s.v" into library xil_defaultlib
INFO: [VRFC 10-311] analyzing module bd_0837_vsc_0_reg_unsigned_short_s
INFO: [VRFC 10-2263] Analyzing Verilog file "C:/Travail/s4InfoAtelier4/s4InfoAtelier4.ip_user_files/bd/atelier4/ip/atelier4_v_proc_ss_0_0/bd_0/ip/ip_1/hdl/verilog/bd_0837_vsc_0_regslice_both.v" into library xil_defaultlib
INFO: [VRFC 10-311] analyzing module bd_0837_vsc_0_regslice_both
INFO: [VRFC 10-311] analyzing module bd_0837_vsc_0_regslice_both_w1
INFO: [VRFC 10-2263] Analyzing Verilog file "C:/Travail/s4InfoAtelier4/s4InfoAtelier4.ip_user_files/bd/atelier4/ip/atelier4_v_proc_ss_0_0/bd_0/ip/ip_1/hdl/verilog/bd_0837_vsc_0_start_for_AXIvideo2MultiPixStream_U0.v" into library xil_defaultlib
INFO: [VRFC 10-311] analyzing module bd_0837_vsc_0_start_for_AXIvideo2MultiPixStream_U0_shiftReg
INFO: [VRFC 10-311] analyzing module bd_0837_vsc_0_start_for_AXIvideo2MultiPixStream_U0
INFO: [VRFC 10-2263] Analyzing Verilog file "C:/Travail/s4InfoAtelier4/s4InfoAtelier4.ip_user_files/bd/atelier4/ip/atelier4_v_proc_ss_0_0/bd_0/ip/ip_1/hdl/verilog/bd_0837_vsc_0_start_for_MultiPixStream2AXIvideo_U0.v" into library xil_defaultlib
INFO: [VRFC 10-311] analyzing module bd_0837_vsc_0_start_for_MultiPixStream2AXIvideo_U0_shiftReg
INFO: [VRFC 10-311] analyzing module bd_0837_vsc_0_start_for_MultiPixStream2AXIvideo_U0
INFO: [VRFC 10-2263] Analyzing Verilog file "C:/Travail/s4InfoAtelier4/s4InfoAtelier4.ip_user_files/bd/atelier4/ip/atelier4_v_proc_ss_0_0/bd_0/ip/ip_1/hdl/verilog/bd_0837_vsc_0_start_for_v_vcresampler_core_U0.v" into library xil_defaultlib
INFO: [VRFC 10-311] analyzing module bd_0837_vsc_0_start_for_v_vcresampler_core_U0_shiftReg
INFO: [VRFC 10-311] analyzing module bd_0837_vsc_0_start_for_v_vcresampler_core_U0
INFO: [VRFC 10-2263] Analyzing Verilog file "C:/Travail/s4InfoAtelier4/s4InfoAtelier4.ip_user_files/bd/atelier4/ip/atelier4_v_proc_ss_0_0/bd_0/ip/ip_1/hdl/verilog/bd_0837_vsc_0_v_vcresampler_core.v" into library xil_defaultlib
INFO: [VRFC 10-311] analyzing module bd_0837_vsc_0_v_vcresampler_core
INFO: [VRFC 10-2263] Analyzing Verilog file "C:/Travail/s4InfoAtelier4/s4InfoAtelier4.ip_user_files/bd/atelier4/ip/atelier4_v_proc_ss_0_0/bd_0/ip/ip_1/hdl/verilog/bd_0837_vsc_0_v_vcresampler_core_linebuf_c_val_V_2.v" into library xil_defaultlib
INFO: [VRFC 10-311] analyzing module bd_0837_vsc_0_v_vcresampler_core_linebuf_c_val_V_2_rom
INFO: [VRFC 10-311] analyzing module bd_0837_vsc_0_v_vcresampler_core_linebuf_c_val_V_2
INFO: [VRFC 10-2263] Analyzing Verilog file "C:/Travail/s4InfoAtelier4/s4InfoAtelier4.ip_user_files/bd/atelier4/ip/atelier4_v_proc_ss_0_0/bd_0/ip/ip_1/hdl/verilog/bd_0837_vsc_0_v_vcresampler_core_linebuf_y_val_V_0.v" into library xil_defaultlib
INFO: [VRFC 10-311] analyzing module bd_0837_vsc_0_v_vcresampler_core_linebuf_y_val_V_0_ram
INFO: [VRFC 10-311] analyzing module bd_0837_vsc_0_v_vcresampler_core_linebuf_y_val_V_0
INFO: [VRFC 10-2263] Analyzing Verilog file "C:/Travail/s4InfoAtelier4/s4InfoAtelier4.ip_user_files/bd/atelier4/ip/atelier4_v_proc_ss_0_0/bd_0/ip/ip_1/hdl/verilog/bd_0837_vsc_0_v_vcresampler_core_linebuf_y_val_V_1.v" into library xil_defaultlib
INFO: [VRFC 10-311] analyzing module bd_0837_vsc_0_v_vcresampler_core_linebuf_y_val_V_1_ram
INFO: [VRFC 10-311] analyzing module bd_0837_vsc_0_v_vcresampler_core_linebuf_y_val_V_1
INFO: [VRFC 10-2263] Analyzing Verilog file "C:/Travail/s4InfoAtelier4/s4InfoAtelier4.ip_user_files/bd/atelier4/ip/atelier4_v_proc_ss_0_0/bd_0/ip/ip_1/hdl/verilog/bd_0837_vsc_0_vscale_core_polyphase.v" into library xil_defaultlib
INFO: [VRFC 10-311] analyzing module bd_0837_vsc_0_vscale_core_polyphase
INFO: [VRFC 10-2263] Analyzing Verilog file "C:/Travail/s4InfoAtelier4/s4InfoAtelier4.ip_user_files/bd/atelier4/ip/atelier4_v_proc_ss_0_0/bd_0/ip/ip_1/hdl/verilog/bd_0837_vsc_0_vscale_core_polyphase_FiltCoeff_0.v" into library xil_defaultlib
INFO: [VRFC 10-311] analyzing module bd_0837_vsc_0_vscale_core_polyphase_FiltCoeff_0_ram
INFO: [VRFC 10-311] analyzing module bd_0837_vsc_0_vscale_core_polyphase_FiltCoeff_0
INFO: [VRFC 10-2263] Analyzing Verilog file "C:/Travail/s4InfoAtelier4/s4InfoAtelier4.ip_user_files/bd/atelier4/ip/atelier4_v_proc_ss_0_0/bd_0/ip/ip_1/hdl/verilog/bd_0837_vsc_0_vscale_core_polyphase_LineBuf_val_V_0.v" into library xil_defaultlib
INFO: [VRFC 10-311] analyzing module bd_0837_vsc_0_vscale_core_polyphase_LineBuf_val_V_0_ram
INFO: [VRFC 10-311] analyzing module bd_0837_vsc_0_vscale_core_polyphase_LineBuf_val_V_0
INFO: [VRFC 10-2263] Analyzing Verilog file "C:/Travail/s4InfoAtelier4/s4InfoAtelier4.ip_user_files/bd/atelier4/ip/atelier4_v_proc_ss_0_0/bd_0/ip/ip_1/hdl/verilog/bd_0837_vsc_0_v_vscaler.v" into library xil_defaultlib
INFO: [VRFC 10-311] analyzing module bd_0837_vsc_0_v_vscaler
INFO: [VRFC 10-2263] Analyzing Verilog file "C:/Travail/s4InfoAtelier4/s4InfoAtelier4.ip_user_files/bd/atelier4/ip/atelier4_v_proc_ss_0_0/bd_0/ip/ip_1/sim/bd_0837_vsc_0.v" into library xil_defaultlib
INFO: [VRFC 10-311] analyzing module bd_0837_vsc_0
INFO: [VRFC 10-2263] Analyzing Verilog file "C:/Travail/s4InfoAtelier4/s4InfoAtelier4.ip_user_files/bd/atelier4/ip/atelier4_v_proc_ss_0_0/bd_0/ip/ip_2/hdl/verilog/bd_0837_hsc_0_AXIvideo2MultiPixStream.v" into library xil_defaultlib
INFO: [VRFC 10-311] analyzing module bd_0837_hsc_0_AXIvideo2MultiPixStream
INFO: [VRFC 10-2263] Analyzing Verilog file "C:/Travail/s4InfoAtelier4/s4InfoAtelier4.ip_user_files/bd/atelier4/ip/atelier4_v_proc_ss_0_0/bd_0/ip/ip_2/hdl/verilog/bd_0837_hsc_0_Block_split1_proc.v" into library xil_defaultlib
INFO: [VRFC 10-311] analyzing module bd_0837_hsc_0_Block_split1_proc
INFO: [VRFC 10-2263] Analyzing Verilog file "C:/Travail/s4InfoAtelier4/s4InfoAtelier4.ip_user_files/bd/atelier4/ip/atelier4_v_proc_ss_0_0/bd_0/ip/ip_2/hdl/verilog/bd_0837_hsc_0_Block_split12_proc.v" into library xil_defaultlib
INFO: [VRFC 10-311] analyzing module bd_0837_hsc_0_Block_split12_proc
INFO: [VRFC 10-2263] Analyzing Verilog file "C:/Travail/s4InfoAtelier4/s4InfoAtelier4.ip_user_files/bd/atelier4/ip/atelier4_v_proc_ss_0_0/bd_0/ip/ip_2/hdl/verilog/bd_0837_hsc_0_CTRL_s_axi.v" into library xil_defaultlib
INFO: [VRFC 10-311] analyzing module bd_0837_hsc_0_CTRL_s_axi
INFO: [VRFC 10-311] analyzing module bd_0837_hsc_0_CTRL_s_axi_ram
INFO: [VRFC 10-2263] Analyzing Verilog file "C:/Travail/s4InfoAtelier4/s4InfoAtelier4.ip_user_files/bd/atelier4/ip/atelier4_v_proc_ss_0_0/bd_0/ip/ip_2/hdl/verilog/bd_0837_hsc_0_fifo_w1_d2_S.v" into library xil_defaultlib
INFO: [VRFC 10-311] analyzing module bd_0837_hsc_0_fifo_w1_d2_S_shiftReg
INFO: [VRFC 10-311] analyzing module bd_0837_hsc_0_fifo_w1_d2_S
INFO: [VRFC 10-2263] Analyzing Verilog file "C:/Travail/s4InfoAtelier4/s4InfoAtelier4.ip_user_files/bd/atelier4/ip/atelier4_v_proc_ss_0_0/bd_0/ip/ip_2/hdl/verilog/bd_0837_hsc_0_fifo_w1_d6_S.v" into library xil_defaultlib
INFO: [VRFC 10-311] analyzing module bd_0837_hsc_0_fifo_w1_d6_S_shiftReg
INFO: [VRFC 10-311] analyzing module bd_0837_hsc_0_fifo_w1_d6_S
INFO: [VRFC 10-2263] Analyzing Verilog file "C:/Travail/s4InfoAtelier4/s4InfoAtelier4.ip_user_files/bd/atelier4/ip/atelier4_v_proc_ss_0_0/bd_0/ip/ip_2/hdl/verilog/bd_0837_hsc_0_fifo_w1_d7_S.v" into library xil_defaultlib
INFO: [VRFC 10-311] analyzing module bd_0837_hsc_0_fifo_w1_d7_S_shiftReg
INFO: [VRFC 10-311] analyzing module bd_0837_hsc_0_fifo_w1_d7_S
INFO: [VRFC 10-2263] Analyzing Verilog file "C:/Travail/s4InfoAtelier4/s4InfoAtelier4.ip_user_files/bd/atelier4/ip/atelier4_v_proc_ss_0_0/bd_0/ip/ip_2/hdl/verilog/bd_0837_hsc_0_fifo_w8_d2_S.v" into library xil_defaultlib
INFO: [VRFC 10-311] analyzing module bd_0837_hsc_0_fifo_w8_d2_S_shiftReg
INFO: [VRFC 10-311] analyzing module bd_0837_hsc_0_fifo_w8_d2_S
INFO: [VRFC 10-2263] Analyzing Verilog file "C:/Travail/s4InfoAtelier4/s4InfoAtelier4.ip_user_files/bd/atelier4/ip/atelier4_v_proc_ss_0_0/bd_0/ip/ip_2/hdl/verilog/bd_0837_hsc_0_fifo_w24_d16_S.v" into library xil_defaultlib
INFO: [VRFC 10-311] analyzing module bd_0837_hsc_0_fifo_w24_d16_S_shiftReg
INFO: [VRFC 10-311] analyzing module bd_0837_hsc_0_fifo_w24_d16_S
INFO: [VRFC 10-2263] Analyzing Verilog file "C:/Travail/s4InfoAtelier4/s4InfoAtelier4.ip_user_files/bd/atelier4/ip/atelier4_v_proc_ss_0_0/bd_0/ip/ip_2/hdl/verilog/bd_0837_hsc_0_hls_deadlock_detection_unit.v" into library xil_defaultlib
INFO: [VRFC 10-311] analyzing module bd_0837_hsc_0_hls_deadlock_detect_unit
INFO: [VRFC 10-2263] Analyzing Verilog file "C:/Travail/s4InfoAtelier4/s4InfoAtelier4.ip_user_files/bd/atelier4/ip/atelier4_v_proc_ss_0_0/bd_0/ip/ip_2/hdl/verilog/bd_0837_hsc_0_hscale_core_polyphase.v" into library xil_defaultlib
INFO: [VRFC 10-311] analyzing module bd_0837_hsc_0_hscale_core_polyphase
INFO: [VRFC 10-2263] Analyzing Verilog file "C:/Travail/s4InfoAtelier4/s4InfoAtelier4.ip_user_files/bd/atelier4/ip/atelier4_v_proc_ss_0_0/bd_0/ip/ip_2/hdl/verilog/bd_0837_hsc_0_hscale_core_polyphase_FiltCoeff_0_0.v" into library xil_defaultlib
INFO: [VRFC 10-311] analyzing module bd_0837_hsc_0_hscale_core_polyphase_FiltCoeff_0_0_ram
INFO: [VRFC 10-311] analyzing module bd_0837_hsc_0_hscale_core_polyphase_FiltCoeff_0_0
INFO: [VRFC 10-2263] Analyzing Verilog file "C:/Travail/s4InfoAtelier4/s4InfoAtelier4.ip_user_files/bd/atelier4/ip/atelier4_v_proc_ss_0_0/bd_0/ip/ip_2/hdl/verilog/bd_0837_hsc_0_hscale_polyphase.v" into library xil_defaultlib
INFO: [VRFC 10-311] analyzing module bd_0837_hsc_0_hscale_polyphase
INFO: [VRFC 10-2263] Analyzing Verilog file "C:/Travail/s4InfoAtelier4/s4InfoAtelier4.ip_user_files/bd/atelier4/ip/atelier4_v_proc_ss_0_0/bd_0/ip/ip_2/hdl/verilog/bd_0837_hsc_0_mac_muladd_8ns_16s_13ns_24_4_1.v" into library xil_defaultlib
INFO: [VRFC 10-311] analyzing module bd_0837_hsc_0_mac_muladd_8ns_16s_13ns_24_4_1_DSP48_0
INFO: [VRFC 10-311] analyzing module bd_0837_hsc_0_mac_muladd_8ns_16s_13ns_24_4_1
INFO: [VRFC 10-2263] Analyzing Verilog file "C:/Travail/s4InfoAtelier4/s4InfoAtelier4.ip_user_files/bd/atelier4/ip/atelier4_v_proc_ss_0_0/bd_0/ip/ip_2/hdl/verilog/bd_0837_hsc_0_mac_muladd_8ns_16s_24s_25_4_1.v" into library xil_defaultlib
INFO: [VRFC 10-311] analyzing module bd_0837_hsc_0_mac_muladd_8ns_16s_24s_25_4_1_DSP48_1
INFO: [VRFC 10-311] analyzing module bd_0837_hsc_0_mac_muladd_8ns_16s_24s_25_4_1
INFO: [VRFC 10-2263] Analyzing Verilog file "C:/Travail/s4InfoAtelier4/s4InfoAtelier4.ip_user_files/bd/atelier4/ip/atelier4_v_proc_ss_0_0/bd_0/ip/ip_2/hdl/verilog/bd_0837_hsc_0_mac_muladd_8ns_16s_25s_26_4_1.v" into library xil_defaultlib
INFO: [VRFC 10-311] analyzing module bd_0837_hsc_0_mac_muladd_8ns_16s_25s_26_4_1_DSP48_2
INFO: [VRFC 10-311] analyzing module bd_0837_hsc_0_mac_muladd_8ns_16s_25s_26_4_1
INFO: [VRFC 10-2263] Analyzing Verilog file "C:/Travail/s4InfoAtelier4/s4InfoAtelier4.ip_user_files/bd/atelier4/ip/atelier4_v_proc_ss_0_0/bd_0/ip/ip_2/hdl/verilog/bd_0837_hsc_0_mac_muladd_8ns_16s_26s_26_4_1.v" into library xil_defaultlib
INFO: [VRFC 10-311] analyzing module bd_0837_hsc_0_mac_muladd_8ns_16s_26s_26_4_1_DSP48_3
INFO: [VRFC 10-311] analyzing module bd_0837_hsc_0_mac_muladd_8ns_16s_26s_26_4_1
INFO: [VRFC 10-2263] Analyzing Verilog file "C:/Travail/s4InfoAtelier4/s4InfoAtelier4.ip_user_files/bd/atelier4/ip/atelier4_v_proc_ss_0_0/bd_0/ip/ip_2/hdl/verilog/bd_0837_hsc_0_mac_muladd_8ns_16s_26s_27_4_1.v" into library xil_defaultlib
INFO: [VRFC 10-311] analyzing module bd_0837_hsc_0_mac_muladd_8ns_16s_26s_27_4_1_DSP48_4
INFO: [VRFC 10-311] analyzing module bd_0837_hsc_0_mac_muladd_8ns_16s_26s_27_4_1
INFO: [VRFC 10-2263] Analyzing Verilog file "C:/Travail/s4InfoAtelier4/s4InfoAtelier4.ip_user_files/bd/atelier4/ip/atelier4_v_proc_ss_0_0/bd_0/ip/ip_2/hdl/verilog/bd_0837_hsc_0_mac_muladd_8ns_16s_27s_27_4_1.v" into library xil_defaultlib
INFO: [VRFC 10-311] analyzing module bd_0837_hsc_0_mac_muladd_8ns_16s_27s_27_4_1_DSP48_5
INFO: [VRFC 10-311] analyzing module bd_0837_hsc_0_mac_muladd_8ns_16s_27s_27_4_1
INFO: [VRFC 10-2263] Analyzing Verilog file "C:/Travail/s4InfoAtelier4/s4InfoAtelier4.ip_user_files/bd/atelier4/ip/atelier4_v_proc_ss_0_0/bd_0/ip/ip_2/hdl/verilog/bd_0837_hsc_0_MultiPixStream2AXIvideo.v" into library xil_defaultlib
INFO: [VRFC 10-311] analyzing module bd_0837_hsc_0_MultiPixStream2AXIvideo
INFO: [VRFC 10-2263] Analyzing Verilog file "C:/Travail/s4InfoAtelier4/s4InfoAtelier4.ip_user_files/bd/atelier4/ip/atelier4_v_proc_ss_0_0/bd_0/ip/ip_2/hdl/verilog/bd_0837_hsc_0_MultiPixStream2AXIvideo_mapComp.v" into library xil_defaultlib
INFO: [VRFC 10-311] analyzing module bd_0837_hsc_0_MultiPixStream2AXIvideo_mapComp_rom
INFO: [VRFC 10-311] analyzing module bd_0837_hsc_0_MultiPixStream2AXIvideo_mapComp
INFO: [VRFC 10-2263] Analyzing Verilog file "C:/Travail/s4InfoAtelier4/s4InfoAtelier4.ip_user_files/bd/atelier4/ip/atelier4_v_proc_ss_0_0/bd_0/ip/ip_2/hdl/verilog/bd_0837_hsc_0_mux_32_8_1_1.v" into library xil_defaultlib
INFO: [VRFC 10-311] analyzing module bd_0837_hsc_0_mux_32_8_1_1
INFO: [VRFC 10-2263] Analyzing Verilog file "C:/Travail/s4InfoAtelier4/s4InfoAtelier4.ip_user_files/bd/atelier4/ip/atelier4_v_proc_ss_0_0/bd_0/ip/ip_2/hdl/verilog/bd_0837_hsc_0_mux_83_8_1_1.v" into library xil_defaultlib
INFO: [VRFC 10-311] analyzing module bd_0837_hsc_0_mux_83_8_1_1
INFO: [VRFC 10-2263] Analyzing Verilog file "C:/Travail/s4InfoAtelier4/s4InfoAtelier4.ip_user_files/bd/atelier4/ip/atelier4_v_proc_ss_0_0/bd_0/ip/ip_2/hdl/verilog/bd_0837_hsc_0_reg_ap_uint_9_s.v" into library xil_defaultlib
INFO: [VRFC 10-311] analyzing module bd_0837_hsc_0_reg_ap_uint_9_s
INFO: [VRFC 10-2263] Analyzing Verilog file "C:/Travail/s4InfoAtelier4/s4InfoAtelier4.ip_user_files/bd/atelier4/ip/atelier4_v_proc_ss_0_0/bd_0/ip/ip_2/hdl/verilog/bd_0837_hsc_0_regslice_both.v" into library xil_defaultlib
INFO: [VRFC 10-311] analyzing module bd_0837_hsc_0_regslice_both
INFO: [VRFC 10-311] analyzing module bd_0837_hsc_0_regslice_both_w1
INFO: [VRFC 10-2263] Analyzing Verilog file "C:/Travail/s4InfoAtelier4/s4InfoAtelier4.ip_user_files/bd/atelier4/ip/atelier4_v_proc_ss_0_0/bd_0/ip/ip_2/hdl/verilog/bd_0837_hsc_0_start_for_AXIvideo2MultiPixStream_U0.v" into library xil_defaultlib
INFO: [VRFC 10-311] analyzing module bd_0837_hsc_0_start_for_AXIvideo2MultiPixStream_U0_shiftReg
INFO: [VRFC 10-311] analyzing module bd_0837_hsc_0_start_for_AXIvideo2MultiPixStream_U0
INFO: [VRFC 10-2263] Analyzing Verilog file "C:/Travail/s4InfoAtelier4/s4InfoAtelier4.ip_user_files/bd/atelier4/ip/atelier4_v_proc_ss_0_0/bd_0/ip/ip_2/hdl/verilog/bd_0837_hsc_0_start_for_Block_split1_proc_U0.v" into library xil_defaultlib
INFO: [VRFC 10-311] analyzing module bd_0837_hsc_0_start_for_Block_split1_proc_U0_shiftReg
INFO: [VRFC 10-311] analyzing module bd_0837_hsc_0_start_for_Block_split1_proc_U0
INFO: [VRFC 10-2263] Analyzing Verilog file "C:/Travail/s4InfoAtelier4/s4InfoAtelier4.ip_user_files/bd/atelier4/ip/atelier4_v_proc_ss_0_0/bd_0/ip/ip_2/hdl/verilog/bd_0837_hsc_0_start_for_MultiPixStream2AXIvideo_U0.v" into library xil_defaultlib
INFO: [VRFC 10-311] analyzing module bd_0837_hsc_0_start_for_MultiPixStream2AXIvideo_U0_shiftReg
INFO: [VRFC 10-311] analyzing module bd_0837_hsc_0_start_for_MultiPixStream2AXIvideo_U0
INFO: [VRFC 10-2263] Analyzing Verilog file "C:/Travail/s4InfoAtelier4/s4InfoAtelier4.ip_user_files/bd/atelier4/ip/atelier4_v_proc_ss_0_0/bd_0/ip/ip_2/hdl/verilog/bd_0837_hsc_0_start_for_v_hcresampler_core_U0.v" into library xil_defaultlib
INFO: [VRFC 10-311] analyzing module bd_0837_hsc_0_start_for_v_hcresampler_core_U0_shiftReg
INFO: [VRFC 10-311] analyzing module bd_0837_hsc_0_start_for_v_hcresampler_core_U0
INFO: [VRFC 10-2263] Analyzing Verilog file "C:/Travail/s4InfoAtelier4/s4InfoAtelier4.ip_user_files/bd/atelier4/ip/atelier4_v_proc_ss_0_0/bd_0/ip/ip_2/hdl/verilog/bd_0837_hsc_0_start_for_v_hscaler_entry32_U0.v" into library xil_defaultlib
INFO: [VRFC 10-311] analyzing module bd_0837_hsc_0_start_for_v_hscaler_entry32_U0_shiftReg
INFO: [VRFC 10-311] analyzing module bd_0837_hsc_0_start_for_v_hscaler_entry32_U0
INFO: [VRFC 10-2263] Analyzing Verilog file "C:/Travail/s4InfoAtelier4/s4InfoAtelier4.ip_user_files/bd/atelier4/ip/atelier4_v_proc_ss_0_0/bd_0/ip/ip_2/hdl/verilog/bd_0837_hsc_0_start_for_v_vcresampler_core_U0.v" into library xil_defaultlib
INFO: [VRFC 10-311] analyzing module bd_0837_hsc_0_start_for_v_vcresampler_core_U0_shiftReg
INFO: [VRFC 10-311] analyzing module bd_0837_hsc_0_start_for_v_vcresampler_core_U0
INFO: [VRFC 10-2263] Analyzing Verilog file "C:/Travail/s4InfoAtelier4/s4InfoAtelier4.ip_user_files/bd/atelier4/ip/atelier4_v_proc_ss_0_0/bd_0/ip/ip_2/hdl/verilog/bd_0837_hsc_0_v_hcresampler_core.v" into library xil_defaultlib
INFO: [VRFC 10-311] analyzing module bd_0837_hsc_0_v_hcresampler_core
INFO: [VRFC 10-2263] Analyzing Verilog file "C:/Travail/s4InfoAtelier4/s4InfoAtelier4.ip_user_files/bd/atelier4/ip/atelier4_v_proc_ss_0_0/bd_0/ip/ip_2/hdl/verilog/bd_0837_hsc_0_v_hcresampler_core26.v" into library xil_defaultlib
INFO: [VRFC 10-311] analyzing module bd_0837_hsc_0_v_hcresampler_core26
INFO: [VRFC 10-2263] Analyzing Verilog file "C:/Travail/s4InfoAtelier4/s4InfoAtelier4.ip_user_files/bd/atelier4/ip/atelier4_v_proc_ss_0_0/bd_0/ip/ip_2/hdl/verilog/bd_0837_hsc_0_v_hscaler_entry4.v" into library xil_defaultlib
INFO: [VRFC 10-311] analyzing module bd_0837_hsc_0_v_hscaler_entry4
INFO: [VRFC 10-2263] Analyzing Verilog file "C:/Travail/s4InfoAtelier4/s4InfoAtelier4.ip_user_files/bd/atelier4/ip/atelier4_v_proc_ss_0_0/bd_0/ip/ip_2/hdl/verilog/bd_0837_hsc_0_v_hscaler_entry32.v" into library xil_defaultlib
INFO: [VRFC 10-311] analyzing module bd_0837_hsc_0_v_hscaler_entry32
INFO: [VRFC 10-2263] Analyzing Verilog file "C:/Travail/s4InfoAtelier4/s4InfoAtelier4.ip_user_files/bd/atelier4/ip/atelier4_v_proc_ss_0_0/bd_0/ip/ip_2/hdl/verilog/bd_0837_hsc_0_v_vcresampler_core.v" into library xil_defaultlib
INFO: [VRFC 10-311] analyzing module bd_0837_hsc_0_v_vcresampler_core
INFO: [VRFC 10-2263] Analyzing Verilog file "C:/Travail/s4InfoAtelier4/s4InfoAtelier4.ip_user_files/bd/atelier4/ip/atelier4_v_proc_ss_0_0/bd_0/ip/ip_2/hdl/verilog/bd_0837_hsc_0_v_vcresampler_core_linebuf_c_val_V_0.v" into library xil_defaultlib
INFO: [VRFC 10-311] analyzing module bd_0837_hsc_0_v_vcresampler_core_linebuf_c_val_V_0_ram
INFO: [VRFC 10-311] analyzing module bd_0837_hsc_0_v_vcresampler_core_linebuf_c_val_V_0
INFO: [VRFC 10-2263] Analyzing Verilog file "C:/Travail/s4InfoAtelier4/s4InfoAtelier4.ip_user_files/bd/atelier4/ip/atelier4_v_proc_ss_0_0/bd_0/ip/ip_2/hdl/verilog/bd_0837_hsc_0_v_vcresampler_core_linebuf_y_val_V_0.v" into library xil_defaultlib
INFO: [VRFC 10-311] analyzing module bd_0837_hsc_0_v_vcresampler_core_linebuf_y_val_V_0_ram
INFO: [VRFC 10-311] analyzing module bd_0837_hsc_0_v_vcresampler_core_linebuf_y_val_V_0
INFO: [VRFC 10-2263] Analyzing Verilog file "C:/Travail/s4InfoAtelier4/s4InfoAtelier4.ip_user_files/bd/atelier4/ip/atelier4_v_proc_ss_0_0/bd_0/ip/ip_2/hdl/verilog/bd_0837_hsc_0_v_hscaler.v" into library xil_defaultlib
INFO: [VRFC 10-311] analyzing module bd_0837_hsc_0_v_hscaler
INFO: [VRFC 10-2263] Analyzing Verilog file "C:/Travail/s4InfoAtelier4/s4InfoAtelier4.ip_user_files/bd/atelier4/ip/atelier4_v_proc_ss_0_0/bd_0/ip/ip_2/sim/bd_0837_hsc_0.v" into library xil_defaultlib
INFO: [VRFC 10-311] analyzing module bd_0837_hsc_0
INFO: [VRFC 10-2263] Analyzing Verilog file "C:/Travail/s4InfoAtelier4/s4InfoAtelier4.ip_user_files/bd/atelier4/ip/atelier4_v_proc_ss_0_0/bd_0/ip/ip_3/hdl/tdata_bd_0837_input_size_set_0.v" into library xil_defaultlib
INFO: [VRFC 10-311] analyzing module tdata_bd_0837_input_size_set_0
INFO: [VRFC 10-2263] Analyzing Verilog file "C:/Travail/s4InfoAtelier4/s4InfoAtelier4.ip_user_files/bd/atelier4/ip/atelier4_v_proc_ss_0_0/bd_0/ip/ip_3/hdl/tuser_bd_0837_input_size_set_0.v" into library xil_defaultlib
INFO: [VRFC 10-311] analyzing module tuser_bd_0837_input_size_set_0
INFO: [VRFC 10-2263] Analyzing Verilog file "C:/Travail/s4InfoAtelier4/s4InfoAtelier4.ip_user_files/bd/atelier4/ip/atelier4_v_proc_ss_0_0/bd_0/ip/ip_3/hdl/tstrb_bd_0837_input_size_set_0.v" into library xil_defaultlib
INFO: [VRFC 10-311] analyzing module tstrb_bd_0837_input_size_set_0
INFO: [VRFC 10-2263] Analyzing Verilog file "C:/Travail/s4InfoAtelier4/s4InfoAtelier4.ip_user_files/bd/atelier4/ip/atelier4_v_proc_ss_0_0/bd_0/ip/ip_3/hdl/tkeep_bd_0837_input_size_set_0.v" into library xil_defaultlib
INFO: [VRFC 10-311] analyzing module tkeep_bd_0837_input_size_set_0
INFO: [VRFC 10-2263] Analyzing Verilog file "C:/Travail/s4InfoAtelier4/s4InfoAtelier4.ip_user_files/bd/atelier4/ip/atelier4_v_proc_ss_0_0/bd_0/ip/ip_3/hdl/tid_bd_0837_input_size_set_0.v" into library xil_defaultlib
INFO: [VRFC 10-311] analyzing module tid_bd_0837_input_size_set_0
INFO: [VRFC 10-2263] Analyzing Verilog file "C:/Travail/s4InfoAtelier4/s4InfoAtelier4.ip_user_files/bd/atelier4/ip/atelier4_v_proc_ss_0_0/bd_0/ip/ip_3/hdl/tdest_bd_0837_input_size_set_0.v" into library xil_defaultlib
INFO: [VRFC 10-311] analyzing module tdest_bd_0837_input_size_set_0
INFO: [VRFC 10-2263] Analyzing Verilog file "C:/Travail/s4InfoAtelier4/s4InfoAtelier4.ip_user_files/bd/atelier4/ip/atelier4_v_proc_ss_0_0/bd_0/ip/ip_3/hdl/tlast_bd_0837_input_size_set_0.v" into library xil_defaultlib
INFO: [VRFC 10-311] analyzing module tlast_bd_0837_input_size_set_0
INFO: [VRFC 10-2263] Analyzing Verilog file "C:/Travail/s4InfoAtelier4/s4InfoAtelier4.ip_user_files/bd/atelier4/ip/atelier4_v_proc_ss_0_0/bd_0/ip/ip_3/hdl/top_bd_0837_input_size_set_0.v" into library xil_defaultlib
INFO: [VRFC 10-311] analyzing module top_bd_0837_input_size_set_0
INFO: [VRFC 10-2263] Analyzing Verilog file "C:/Travail/s4InfoAtelier4/s4InfoAtelier4.ip_user_files/bd/atelier4/ip/atelier4_v_proc_ss_0_0/bd_0/ip/ip_3/sim/bd_0837_input_size_set_0.v" into library xil_defaultlib
INFO: [VRFC 10-311] analyzing module bd_0837_input_size_set_0
INFO: [VRFC 10-2263] Analyzing Verilog file "C:/Travail/s4InfoAtelier4/s4InfoAtelier4.ip_user_files/bd/atelier4/ip/atelier4_v_proc_ss_0_0/bd_0/ip/ip_6/sim/bd_0837_axis_register_slice_0_0.v" into library xil_defaultlib
INFO: [VRFC 10-311] analyzing module bd_0837_axis_register_slice_0_0
INFO: [VRFC 10-2263] Analyzing Verilog file "C:/Travail/s4InfoAtelier4/s4InfoAtelier4.ip_user_files/bd/atelier4/ip/atelier4_v_proc_ss_0_0/bd_0/ip/ip_7/sim/bd_0837_axis_fifo_0.v" into library xil_defaultlib
INFO: [VRFC 10-311] analyzing module bd_0837_axis_fifo_0
INFO: [VRFC 10-2263] Analyzing Verilog file "C:/Travail/s4InfoAtelier4/s4InfoAtelier4.ip_user_files/bd/atelier4/ip/atelier4_v_proc_ss_0_0/bd_0/ip/ip_8/sim/bd_0837_xlslice_0_0.v" into library xil_defaultlib
INFO: [VRFC 10-311] analyzing module bd_0837_xlslice_0_0
INFO: [VRFC 10-2263] Analyzing Verilog file "C:/Travail/s4InfoAtelier4/s4InfoAtelier4.ip_user_files/bd/atelier4/ip/atelier4_v_proc_ss_0_0/bd_0/ip/ip_9/sim/bd_0837_xlslice_1_0.v" into library xil_defaultlib
INFO: [VRFC 10-311] analyzing module bd_0837_xlslice_1_0
INFO: [VRFC 10-2263] Analyzing Verilog file "C:/Travail/s4InfoAtelier4/s4InfoAtelier4.sim/sim_1/behav/xsim/glbl.v" into library xil_defaultlib
INFO: [VRFC 10-311] analyzing module glbl
