#-----------------------------------------------------------
# Vivado v2020.2 (64-bit)
# SW Build 3064766 on Wed Nov 18 09:12:45 MST 2020
# IP Build 3064653 on Wed Nov 18 14:17:31 MST 2020
# Start of session at: Tue Mar 11 12:49:19 2025
# Process ID: 9720
# Current directory: D:/Travail/s4-projet/vivado
# Command line: vivado.exe -gui_launcher_event rodinguilauncherevent4176 D:\Travail\s4-projet\vivado\s4InfoAtelier4.xpr
# Log file: D:/Travail/s4-projet/vivado/vivado.log
# Journal file: D:/Travail/s4-projet/vivado\vivado.jou
#-----------------------------------------------------------
start_gui
oopen_project D:/Travail/s4-projet/vivado/s4InfoAtelier4.xprINFO: [Project 1-313] Project file moved from 'C:/Travail/s4InfoAtelier4' since last save.
SScanning sources...FFinished scanning sourcesCCRITICAL WARNING: [Board 49-67] The board_part definition was not found for digilentinc.com:zybo-z7-10:part0:1.0. This can happen sometimes when you use custom board part. You can resolve this issue by setting 'board.repoPaths' parameter, pointing to the location of custom board files. Valid board_part values can be retrieved with the 'get_board_parts' Tcl command.INFO: [IP_Flow 19-234] Refreshing IP repositories
IINFO: [IP_Flow 19-1700] Loaded user IP repository 'd:/Travail/s4-projet/vivado/s4InfoAtelier4.ipdefs/mycolorRegister_1.0'.IINFO: [IP_Flow 19-1700] Loaded user IP repository 'd:/Travail/s4-projet/vivado/s4InfoAtelier4.ipdefs/pixelDataToVideoStream_1.0'.IINFO: [IP_Flow 19-1700] Loaded user IP repository 'd:/Travail/s4-projet/vivado/s4InfoAtelier4.ipdefs/rgb2dvi'.IINFO: [IP_Flow 19-1700] Loaded user IP repository 'd:/Travail/s4-projet/vivado/s4InfoAtelier4.ipdefs/tmds_v1_0'.INFO: [IP_Flow 19-2313] Loaded Vivado IP repository 'C:/Xilinx/Vivado/2020.2/data/ip'.
WWARNING: [BD 41-1661] One or more IPs have been locked in the design 'atelier4.bd'. Please run report_ip_status for more details and recommendations on how to fix this issue.
List of locked IPs:
atelier4_clk_wiz_0_0
atelier4_rgb2dvi_0_0
atelier4_processing_system7_0_0
atelier4_proc_sys_reset_0_0
atelier4_smartconnect_0_0
atelier4_v_proc_ss_0_0
atelier4_smartconnect_0_1
oopen_project: Time (s): cpu = 00:00:54 ; elapsed = 00:00:45 . Memory (MB): peak = 1025.707 ; gain = 102.0INFupdate_compile_order -fileset sources_1
exit
INFO: [Common 17-206] Exiting Vivado at Tue Mar 11 12:51:26 2025...
ated. Please check console for any further messages.
update_compile_order -fileset sources_1
open_hw_manager
connect_hw_server -allow_non_jtag
INFO: [Labtools 27-2285] Connecting to hw_server url TCP:localhost:3121
INFO: [Labtools 27-2222] Launching hw_server...
INFO: [Labtools 27-2221] Launch Output:

****** Xilinx hw_server v2020.2
  **** Build date : Nov 18 2020 at 10:01:48
    ** Copyright 1986-2020 Xilinx, Inc. All Rights Reserved.


INFO: [Labtools 27-3415] Connecting to cs_server url TCP:localhost:3042
INFO: [Labtools 27-3417] Launching cs_server...
INFO: [Labtools 27-2221] Launch Output:


******** Xilinx cs_server v2020.2
  ****** Build date   : Nov 03 2020-16:02:56
    **** Build number : 2020.2.1604437376
      ** Copyright 2017-2020 Xilinx, Inc. All Rights Reserved.



connect_hw_server: Time (s): cpu = 00:00:02 ; elapsed = 00:00:18 . Memory (MB): peak = 1118.609 ; gain = 0.000
open_hw_target
INFO: [Labtoolstcl 44-466] Opening hw_target localhost:3121/xilinx_tcf/Digilent/210351A77C2FA
open_hw_target: Time (s): cpu = 00:00:05 ; elapsed = 00:00:07 . Memory (MB): peak = 2634.883 ; gain = 1516.273
set_property PROGRAM.FILE {D:/Travail/s4-projet/vivado/s4InfoAtelier4.runs/impl_1/atelier4_wrapper.bit} [get_hw_devices xc7z010_1]
current_hw_device [get_hw_devices xc7z010_1]
refresh_hw_device -update_hw_probes false [lindex [get_hw_devices xc7z010_1] 0]
INFO: [Labtools 27-1435] Device xc7z010 (JTAG device index = 1) is not programmed (DONE status = 0).
set_property PROBES.FILE {} [get_hw_devices xc7z010_1]
set_property FULL_PROBES.FILE {} [get_hw_devices xc7z010_1]
set_property PROGRAM.FILE {D:/Travail/s4-projet/vivado/s4InfoAtelier4.runs/impl_1/atelier4_wrapper.bit} [get_hw_devices xc7z010_1]
program_hw_devices [get_hw_devices xc7z010_1]
INFO: [Labtools 27-3164] End of startup status: HIGH
refresh_hw_device [lindex [get_hw_devices xc7z010_1] 0]
INFO: [Labtools 27-1434] Device xc7z010 (JTAG device index = 1) is programmed with a design that has no supported debug core(s) in it.
ERROR: [Labtoolstcl 44-513] HW Target shutdown. Closing target: localhost:3121/xilinx_tcf/Digilent/210351A77C2FA
exit
INFO: [Common 17-206] Exiting Vivado at Tue Mar 11 12:57:40 2025...
